Usage: C:\code\cppc\comparch-4\memory_malloc_free.exe [step_bytes] [max_iterations]
If omitted, step_bytes defaults to 8388608 bytes (8 MiB).
If max_iterations is omitted or 0, the program runs until allocation fails.
[malloc+free] iteration=1 current=8.00 MiB tracked=8.00 MiB elapsed=0.32s
[malloc+free] iteration=2 current=16.00 MiB tracked=16.00 MiB elapsed=0.47s
[malloc+free] iteration=3 current=24.00 MiB tracked=24.00 MiB elapsed=0.64s
[malloc+free] iteration=4 current=32.00 MiB tracked=32.00 MiB elapsed=0.79s
[malloc+free] iteration=5 current=40.00 MiB tracked=40.00 MiB elapsed=0.95s
[malloc+free] iteration=6 current=48.00 MiB tracked=48.00 MiB elapsed=1.08s
[malloc+free] iteration=7 current=56.00 MiB tracked=56.00 MiB elapsed=1.14s
[malloc+free] iteration=8 current=64.00 MiB tracked=64.00 MiB elapsed=1.19s
[malloc+free] iteration=9 current=72.00 MiB tracked=72.00 MiB elapsed=1.24s
[malloc+free] iteration=10 current=80.00 MiB tracked=80.00 MiB elapsed=1.30s
[malloc+free] iteration=11 current=88.00 MiB tracked=88.00 MiB elapsed=1.37s
[malloc+free] iteration=12 current=96.00 MiB tracked=96.00 MiB elapsed=1.43s
[malloc+free] iteration=13 current=104.00 MiB tracked=104.00 MiB elapsed=1.50s
[malloc+free] iteration=14 current=112.00 MiB tracked=112.00 MiB elapsed=1.58s
[malloc+free] iteration=15 current=120.00 MiB tracked=120.00 MiB elapsed=1.66s
[malloc+free] iteration=16 current=128.00 MiB tracked=128.00 MiB elapsed=1.74s
[malloc+free] iteration=17 current=136.00 MiB tracked=136.00 MiB elapsed=1.83s
[malloc+free] iteration=18 current=144.00 MiB tracked=144.00 MiB elapsed=1.91s
[malloc+free] iteration=19 current=152.00 MiB tracked=152.00 MiB elapsed=2.00s
[malloc+free] iteration=20 current=160.00 MiB tracked=160.00 MiB elapsed=2.09s
[malloc+free] iteration=21 current=168.00 MiB tracked=168.00 MiB elapsed=2.18s
[malloc+free] iteration=22 current=176.00 MiB tracked=176.00 MiB elapsed=2.28s
[malloc+free] iteration=23 current=184.00 MiB tracked=184.00 MiB elapsed=2.38s
[malloc+free] iteration=24 current=192.00 MiB tracked=192.00 MiB elapsed=2.50s
[malloc+free] iteration=25 current=200.00 MiB tracked=200.00 MiB elapsed=2.64s
[malloc+free] iteration=26 current=208.00 MiB tracked=208.00 MiB elapsed=2.76s
[malloc+free] iteration=27 current=216.00 MiB tracked=216.00 MiB elapsed=2.87s
[malloc+free] iteration=28 current=224.00 MiB tracked=224.00 MiB elapsed=2.99s
[malloc+free] iteration=29 current=232.00 MiB tracked=232.00 MiB elapsed=3.11s
[malloc+free] iteration=30 current=240.00 MiB tracked=240.00 MiB elapsed=3.24s
[malloc+free] iteration=31 current=248.00 MiB tracked=248.00 MiB elapsed=3.37s
[malloc+free] iteration=32 current=256.00 MiB tracked=256.00 MiB elapsed=3.50s
[malloc+free] iteration=33 current=264.00 MiB tracked=264.00 MiB elapsed=3.66s
[malloc+free] iteration=34 current=272.00 MiB tracked=272.00 MiB elapsed=3.81s
[malloc+free] iteration=35 current=280.00 MiB tracked=280.00 MiB elapsed=3.95s
[malloc+free] iteration=36 current=288.00 MiB tracked=288.00 MiB elapsed=4.10s
[malloc+free] iteration=37 current=296.00 MiB tracked=296.00 MiB elapsed=4.25s
[malloc+free] iteration=38 current=304.00 MiB tracked=304.00 MiB elapsed=4.39s
[malloc+free] iteration=39 current=312.00 MiB tracked=312.00 MiB elapsed=4.57s
[malloc+free] iteration=40 current=320.00 MiB tracked=320.00 MiB elapsed=4.76s
[malloc+free] iteration=41 current=328.00 MiB tracked=328.00 MiB elapsed=4.93s
[malloc+free] iteration=42 current=336.00 MiB tracked=336.00 MiB elapsed=5.11s
[malloc+free] iteration=43 current=344.00 MiB tracked=344.00 MiB elapsed=5.29s
[malloc+free] iteration=44 current=352.00 MiB tracked=352.00 MiB elapsed=5.46s
[malloc+free] iteration=45 current=360.00 MiB tracked=360.00 MiB elapsed=5.67s
[malloc+free] iteration=46 current=368.00 MiB tracked=368.00 MiB elapsed=5.87s
[malloc+free] iteration=47 current=376.00 MiB tracked=376.00 MiB elapsed=6.05s
[malloc+free] iteration=48 current=384.00 MiB tracked=384.00 MiB elapsed=6.23s
[malloc+free] iteration=49 current=392.00 MiB tracked=392.00 MiB elapsed=6.41s
[malloc+free] iteration=50 current=400.00 MiB tracked=400.00 MiB elapsed=6.61s
[malloc+free] iteration=51 current=408.00 MiB tracked=408.00 MiB elapsed=6.82s
[malloc+free] iteration=52 current=416.00 MiB tracked=416.00 MiB elapsed=7.02s
[malloc+free] iteration=53 current=424.00 MiB tracked=424.00 MiB elapsed=7.22s
[malloc+free] iteration=54 current=432.00 MiB tracked=432.00 MiB elapsed=7.43s
[malloc+free] iteration=55 current=440.00 MiB tracked=440.00 MiB elapsed=7.64s
[malloc+free] iteration=56 current=448.00 MiB tracked=448.00 MiB elapsed=7.86s
[malloc+free] iteration=57 current=456.00 MiB tracked=456.00 MiB elapsed=8.07s
[malloc+free] iteration=58 current=464.00 MiB tracked=464.00 MiB elapsed=8.30s
[malloc+free] iteration=59 current=472.00 MiB tracked=472.00 MiB elapsed=8.53s
[malloc+free] iteration=60 current=480.00 MiB tracked=480.00 MiB elapsed=8.76s
[malloc+free] iteration=61 current=488.00 MiB tracked=488.00 MiB elapsed=8.99s
[malloc+free] iteration=62 current=496.00 MiB tracked=496.00 MiB elapsed=9.22s
[malloc+free] iteration=63 current=504.00 MiB tracked=504.00 MiB elapsed=9.45s
[malloc+free] iteration=64 current=512.00 MiB tracked=512.00 MiB elapsed=9.72s
[malloc+free] iteration=65 current=520.00 MiB tracked=520.00 MiB elapsed=9.98s
[malloc+free] iteration=66 current=528.00 MiB tracked=528.00 MiB elapsed=10.23s
[malloc+free] iteration=67 current=536.00 MiB tracked=536.00 MiB elapsed=10.48s
[malloc+free] iteration=68 current=544.00 MiB tracked=544.00 MiB elapsed=10.75s
[malloc+free] iteration=69 current=552.00 MiB tracked=552.00 MiB elapsed=11.00s
[malloc+free] iteration=70 current=560.00 MiB tracked=560.00 MiB elapsed=11.27s
[malloc+free] iteration=71 current=568.00 MiB tracked=568.00 MiB elapsed=11.54s
[malloc+free] iteration=72 current=576.00 MiB tracked=576.00 MiB elapsed=11.82s
[malloc+free] iteration=73 current=584.00 MiB tracked=584.00 MiB elapsed=12.09s
[malloc+free] iteration=74 current=592.00 MiB tracked=592.00 MiB elapsed=12.38s
[malloc+free] iteration=75 current=600.00 MiB tracked=600.00 MiB elapsed=12.69s
[malloc+free] iteration=76 current=608.00 MiB tracked=608.00 MiB elapsed=12.98s
[malloc+free] iteration=77 current=616.00 MiB tracked=616.00 MiB elapsed=13.27s
[malloc+free] iteration=78 current=624.00 MiB tracked=624.00 MiB elapsed=13.56s
[malloc+free] iteration=79 current=632.00 MiB tracked=632.00 MiB elapsed=13.87s
[malloc+free] iteration=80 current=640.00 MiB tracked=640.00 MiB elapsed=14.17s
[malloc+free] iteration=81 current=648.00 MiB tracked=648.00 MiB elapsed=14.46s
[malloc+free] iteration=82 current=656.00 MiB tracked=656.00 MiB elapsed=14.77s
[malloc+free] iteration=83 current=664.00 MiB tracked=664.00 MiB elapsed=15.07s
[malloc+free] iteration=84 current=672.00 MiB tracked=672.00 MiB elapsed=15.38s
[malloc+free] iteration=85 current=680.00 MiB tracked=680.00 MiB elapsed=15.71s
[malloc+free] iteration=86 current=688.00 MiB tracked=688.00 MiB elapsed=16.03s
[malloc+free] iteration=87 current=696.00 MiB tracked=696.00 MiB elapsed=16.34s
[malloc+free] iteration=88 current=704.00 MiB tracked=704.00 MiB elapsed=16.66s
[malloc+free] iteration=89 current=712.00 MiB tracked=712.00 MiB elapsed=16.98s
[malloc+free] iteration=90 current=720.00 MiB tracked=720.00 MiB elapsed=17.52s
[malloc+free] iteration=91 current=728.00 MiB tracked=728.00 MiB elapsed=17.83s
[malloc+free] iteration=92 current=736.00 MiB tracked=736.00 MiB elapsed=18.17s
[malloc+free] iteration=93 current=744.00 MiB tracked=744.00 MiB elapsed=18.50s
[malloc+free] iteration=94 current=752.00 MiB tracked=752.00 MiB elapsed=18.86s
[malloc+free] iteration=95 current=760.00 MiB tracked=760.00 MiB elapsed=19.20s
[malloc+free] iteration=96 current=768.00 MiB tracked=768.00 MiB elapsed=19.55s
[malloc+free] iteration=97 current=776.00 MiB tracked=776.00 MiB elapsed=19.92s
[malloc+free] iteration=98 current=784.00 MiB tracked=784.00 MiB elapsed=20.27s
[malloc+free] iteration=99 current=792.00 MiB tracked=792.00 MiB elapsed=20.66s
[malloc+free] iteration=100 current=800.00 MiB tracked=800.00 MiB elapsed=21.05s
[malloc+free] iteration=101 current=808.00 MiB tracked=808.00 MiB elapsed=21.44s
[malloc+free] iteration=102 current=816.00 MiB tracked=816.00 MiB elapsed=21.87s
[malloc+free] iteration=103 current=824.00 MiB tracked=824.00 MiB elapsed=22.35s
[malloc+free] iteration=104 current=832.00 MiB tracked=832.00 MiB elapsed=22.76s
[malloc+free] iteration=105 current=840.00 MiB tracked=840.00 MiB elapsed=23.22s
[malloc+free] iteration=106 current=848.00 MiB tracked=848.00 MiB elapsed=23.65s
[malloc+free] iteration=107 current=856.00 MiB tracked=856.00 MiB elapsed=24.09s
[malloc+free] iteration=108 current=864.00 MiB tracked=864.00 MiB elapsed=24.51s
[malloc+free] iteration=109 current=872.00 MiB tracked=872.00 MiB elapsed=24.95s
[malloc+free] iteration=110 current=880.00 MiB tracked=880.00 MiB elapsed=25.38s
[malloc+free] iteration=111 current=888.00 MiB tracked=888.00 MiB elapsed=25.84s
[malloc+free] iteration=112 current=896.00 MiB tracked=896.00 MiB elapsed=26.32s
[malloc+free] iteration=113 current=904.00 MiB tracked=904.00 MiB elapsed=26.77s
[malloc+free] iteration=114 current=912.00 MiB tracked=912.00 MiB elapsed=27.19s
[malloc+free] iteration=115 current=920.00 MiB tracked=920.00 MiB elapsed=27.61s
[malloc+free] iteration=116 current=928.00 MiB tracked=928.00 MiB elapsed=28.04s
[malloc+free] iteration=117 current=936.00 MiB tracked=936.00 MiB elapsed=28.46s
[malloc+free] iteration=118 current=944.00 MiB tracked=944.00 MiB elapsed=28.90s
[malloc+free] iteration=119 current=952.00 MiB tracked=952.00 MiB elapsed=29.34s
[malloc+free] iteration=120 current=960.00 MiB tracked=960.00 MiB elapsed=29.78s
[malloc+free] iteration=121 current=968.00 MiB tracked=968.00 MiB elapsed=30.21s
[malloc+free] iteration=122 current=976.00 MiB tracked=976.00 MiB elapsed=30.69s
[malloc+free] iteration=123 current=984.00 MiB tracked=984.00 MiB elapsed=31.15s
[malloc+free] iteration=124 current=992.00 MiB tracked=992.00 MiB elapsed=31.61s
[malloc+free] iteration=125 current=1000.00 MiB tracked=1000.00 MiB elapsed=32.06s
[malloc+free] iteration=126 current=1008.00 MiB tracked=1008.00 MiB elapsed=32.51s
[malloc+free] iteration=127 current=1016.00 MiB tracked=1016.00 MiB elapsed=32.98s
[malloc+free] iteration=128 current=1.00 GiB tracked=1.00 GiB elapsed=33.44s
[malloc+free] iteration=129 current=1.01 GiB tracked=1.01 GiB elapsed=33.89s
[malloc+free] iteration=130 current=1.02 GiB tracked=1.02 GiB elapsed=34.36s
[malloc+free] iteration=131 current=1.02 GiB tracked=1.02 GiB elapsed=34.83s
[malloc+free] iteration=132 current=1.03 GiB tracked=1.03 GiB elapsed=35.29s
[malloc+free] iteration=133 current=1.04 GiB tracked=1.04 GiB elapsed=35.81s
[malloc+free] iteration=134 current=1.05 GiB tracked=1.05 GiB elapsed=36.30s
[malloc+free] iteration=135 current=1.05 GiB tracked=1.05 GiB elapsed=36.78s
[malloc+free] iteration=136 current=1.06 GiB tracked=1.06 GiB elapsed=37.28s
[malloc+free] iteration=137 current=1.07 GiB tracked=1.07 GiB elapsed=37.80s
[malloc+free] iteration=138 current=1.08 GiB tracked=1.08 GiB elapsed=38.29s
[malloc+free] iteration=139 current=1.09 GiB tracked=1.09 GiB elapsed=38.80s
[malloc+free] iteration=140 current=1.09 GiB tracked=1.09 GiB elapsed=39.29s
[malloc+free] iteration=141 current=1.10 GiB tracked=1.10 GiB elapsed=39.85s
[malloc+free] iteration=142 current=1.11 GiB tracked=1.11 GiB elapsed=40.41s
[malloc+free] iteration=143 current=1.12 GiB tracked=1.12 GiB elapsed=40.92s
[malloc+free] iteration=144 current=1.12 GiB tracked=1.12 GiB elapsed=41.43s
[malloc+free] iteration=145 current=1.13 GiB tracked=1.13 GiB elapsed=41.96s
[malloc+free] iteration=146 current=1.14 GiB tracked=1.14 GiB elapsed=42.48s
[malloc+free] iteration=147 current=1.15 GiB tracked=1.15 GiB elapsed=43.02s
[malloc+free] iteration=148 current=1.16 GiB tracked=1.16 GiB elapsed=43.65s
[malloc+free] iteration=149 current=1.16 GiB tracked=1.16 GiB elapsed=44.19s
[malloc+free] iteration=150 current=1.17 GiB tracked=1.17 GiB elapsed=44.75s
[malloc+free] iteration=151 current=1.18 GiB tracked=1.18 GiB elapsed=45.32s
[malloc+free] iteration=152 current=1.19 GiB tracked=1.19 GiB elapsed=45.86s
[malloc+free] iteration=153 current=1.20 GiB tracked=1.20 GiB elapsed=46.40s
[malloc+free] iteration=154 current=1.20 GiB tracked=1.20 GiB elapsed=46.94s
[malloc+free] iteration=155 current=1.21 GiB tracked=1.21 GiB elapsed=47.48s
[malloc+free] iteration=156 current=1.22 GiB tracked=1.22 GiB elapsed=48.07s
[malloc+free] iteration=157 current=1.23 GiB tracked=1.23 GiB elapsed=48.65s
[malloc+free] iteration=158 current=1.23 GiB tracked=1.23 GiB elapsed=49.22s
[malloc+free] iteration=159 current=1.24 GiB tracked=1.24 GiB elapsed=49.77s
[malloc+free] iteration=160 current=1.25 GiB tracked=1.25 GiB elapsed=50.33s
[malloc+free] iteration=161 current=1.26 GiB tracked=1.26 GiB elapsed=50.90s
[malloc+free] iteration=162 current=1.27 GiB tracked=1.27 GiB elapsed=51.47s
[malloc+free] iteration=163 current=1.27 GiB tracked=1.27 GiB elapsed=52.04s
[malloc+free] iteration=164 current=1.28 GiB tracked=1.28 GiB elapsed=52.65s
[malloc+free] iteration=165 current=1.29 GiB tracked=1.29 GiB elapsed=53.23s
[malloc+free] iteration=166 current=1.30 GiB tracked=1.30 GiB elapsed=53.81s
[malloc+free] iteration=167 current=1.30 GiB tracked=1.30 GiB elapsed=54.41s
[malloc+free] iteration=168 current=1.31 GiB tracked=1.31 GiB elapsed=55.03s
[malloc+free] iteration=169 current=1.32 GiB tracked=1.32 GiB elapsed=55.62s
[malloc+free] iteration=170 current=1.33 GiB tracked=1.33 GiB elapsed=56.21s
[malloc+free] iteration=171 current=1.34 GiB tracked=1.34 GiB elapsed=56.86s
[malloc+free] iteration=172 current=1.34 GiB tracked=1.34 GiB elapsed=57.48s
[malloc+free] iteration=173 current=1.35 GiB tracked=1.35 GiB elapsed=58.15s
[malloc+free] iteration=174 current=1.36 GiB tracked=1.36 GiB elapsed=58.76s
[malloc+free] iteration=175 current=1.37 GiB tracked=1.37 GiB elapsed=59.38s
[malloc+free] iteration=176 current=1.38 GiB tracked=1.38 GiB elapsed=60.00s
[malloc+free] iteration=177 current=1.38 GiB tracked=1.38 GiB elapsed=60.64s
[malloc+free] iteration=178 current=1.39 GiB tracked=1.39 GiB elapsed=61.25s
[malloc+free] iteration=179 current=1.40 GiB tracked=1.40 GiB elapsed=61.91s
[malloc+free] iteration=180 current=1.41 GiB tracked=1.41 GiB elapsed=62.54s
[malloc+free] iteration=181 current=1.41 GiB tracked=1.41 GiB elapsed=63.18s
[malloc+free] iteration=182 current=1.42 GiB tracked=1.42 GiB elapsed=63.82s
[malloc+free] iteration=183 current=1.43 GiB tracked=1.43 GiB elapsed=64.47s
[malloc+free] iteration=184 current=1.44 GiB tracked=1.44 GiB elapsed=65.13s
[malloc+free] iteration=185 current=1.45 GiB tracked=1.45 GiB elapsed=65.83s
[malloc+free] iteration=186 current=1.45 GiB tracked=1.45 GiB elapsed=66.48s
[malloc+free] iteration=187 current=1.46 GiB tracked=1.46 GiB elapsed=67.14s
[malloc+free] iteration=188 current=1.47 GiB tracked=1.47 GiB elapsed=67.81s
[malloc+free] iteration=189 current=1.48 GiB tracked=1.48 GiB elapsed=68.47s
[malloc+free] iteration=190 current=1.48 GiB tracked=1.48 GiB elapsed=69.14s
[malloc+free] iteration=191 current=1.49 GiB tracked=1.49 GiB elapsed=69.81s
[malloc+free] iteration=192 current=1.50 GiB tracked=1.50 GiB elapsed=70.50s
[malloc+free] iteration=193 current=1.51 GiB tracked=1.51 GiB elapsed=71.19s
[malloc+free] iteration=194 current=1.52 GiB tracked=1.52 GiB elapsed=71.87s
[malloc+free] iteration=195 current=1.52 GiB tracked=1.52 GiB elapsed=72.60s
[malloc+free] iteration=196 current=1.53 GiB tracked=1.53 GiB elapsed=73.29s
[malloc+free] iteration=197 current=1.54 GiB tracked=1.54 GiB elapsed=74.01s
[malloc+free] iteration=198 current=1.55 GiB tracked=1.55 GiB elapsed=74.73s
[malloc+free] iteration=199 current=1.55 GiB tracked=1.55 GiB elapsed=75.45s
[malloc+free] iteration=200 current=1.56 GiB tracked=1.56 GiB elapsed=76.14s
[malloc+free] iteration=201 current=1.57 GiB tracked=1.57 GiB elapsed=76.85s
[malloc+free] iteration=202 current=1.58 GiB tracked=1.58 GiB elapsed=77.56s
[malloc+free] iteration=203 current=1.59 GiB tracked=1.59 GiB elapsed=78.30s
[malloc+free] iteration=204 current=1.59 GiB tracked=1.59 GiB elapsed=79.01s
[malloc+free] iteration=205 current=1.60 GiB tracked=1.60 GiB elapsed=79.71s
[malloc+free] iteration=206 current=1.61 GiB tracked=1.61 GiB elapsed=80.43s
[malloc+free] iteration=207 current=1.62 GiB tracked=1.62 GiB elapsed=81.16s
[malloc+free] iteration=208 current=1.62 GiB tracked=1.62 GiB elapsed=81.93s
[malloc+free] iteration=209 current=1.63 GiB tracked=1.63 GiB elapsed=82.67s
[malloc+free] iteration=210 current=1.64 GiB tracked=1.64 GiB elapsed=83.42s
[malloc+free] iteration=211 current=1.65 GiB tracked=1.65 GiB elapsed=84.18s
[malloc+free] iteration=212 current=1.66 GiB tracked=1.66 GiB elapsed=84.93s
[malloc+free] iteration=213 current=1.66 GiB tracked=1.66 GiB elapsed=85.68s
[malloc+free] iteration=214 current=1.67 GiB tracked=1.67 GiB elapsed=86.43s
[malloc+free] iteration=215 current=1.68 GiB tracked=1.68 GiB elapsed=87.18s
[malloc+free] iteration=216 current=1.69 GiB tracked=1.69 GiB elapsed=88.08s
[malloc+free] iteration=217 current=1.70 GiB tracked=1.70 GiB elapsed=88.89s
[malloc+free] iteration=218 current=1.70 GiB tracked=1.70 GiB elapsed=89.69s
[malloc+free] iteration=219 current=1.71 GiB tracked=1.71 GiB elapsed=90.52s
[malloc+free] iteration=220 current=1.72 GiB tracked=1.72 GiB elapsed=91.39s
[malloc+free] iteration=221 current=1.73 GiB tracked=1.73 GiB elapsed=92.29s
[malloc+free] iteration=222 current=1.73 GiB tracked=1.73 GiB elapsed=93.07s
[malloc+free] iteration=223 current=1.74 GiB tracked=1.74 GiB elapsed=93.82s
[malloc+free] iteration=224 current=1.75 GiB tracked=1.75 GiB elapsed=94.59s
[malloc+free] iteration=225 current=1.76 GiB tracked=1.76 GiB elapsed=95.42s
[malloc+free] iteration=226 current=1.77 GiB tracked=1.77 GiB elapsed=96.22s
[malloc+free] iteration=227 current=1.77 GiB tracked=1.77 GiB elapsed=97.05s
[malloc+free] iteration=228 current=1.78 GiB tracked=1.78 GiB elapsed=97.84s
[malloc+free] iteration=229 current=1.79 GiB tracked=1.79 GiB elapsed=98.62s
[malloc+free] iteration=230 current=1.80 GiB tracked=1.80 GiB elapsed=99.43s
[malloc+free] iteration=231 current=1.80 GiB tracked=1.80 GiB elapsed=100.27s
[malloc+free] iteration=232 current=1.81 GiB tracked=1.81 GiB elapsed=101.13s
[malloc+free] iteration=233 current=1.82 GiB tracked=1.82 GiB elapsed=101.98s
[malloc+free] iteration=234 current=1.83 GiB tracked=1.83 GiB elapsed=102.85s
[malloc+free] iteration=235 current=1.84 GiB tracked=1.84 GiB elapsed=103.69s
[malloc+free] iteration=236 current=1.84 GiB tracked=1.84 GiB elapsed=104.52s
[malloc+free] iteration=237 current=1.85 GiB tracked=1.85 GiB elapsed=105.37s
[malloc+free] iteration=238 current=1.86 GiB tracked=1.86 GiB elapsed=106.19s
[malloc+free] iteration=239 current=1.87 GiB tracked=1.87 GiB elapsed=107.01s
[malloc+free] iteration=240 current=1.88 GiB tracked=1.88 GiB elapsed=107.82s
[malloc+free] iteration=241 current=1.88 GiB tracked=1.88 GiB elapsed=108.68s
[malloc+free] iteration=242 current=1.89 GiB tracked=1.89 GiB elapsed=109.53s
[malloc+free] iteration=243 current=1.90 GiB tracked=1.90 GiB elapsed=110.39s
[malloc+free] iteration=244 current=1.91 GiB tracked=1.91 GiB elapsed=111.28s
[malloc+free] iteration=245 current=1.91 GiB tracked=1.91 GiB elapsed=112.13s
[malloc+free] iteration=246 current=1.92 GiB tracked=1.92 GiB elapsed=112.97s
[malloc+free] iteration=247 current=1.93 GiB tracked=1.93 GiB elapsed=113.84s
[malloc+free] iteration=248 current=1.94 GiB tracked=1.94 GiB elapsed=114.69s
[malloc+free] iteration=249 current=1.95 GiB tracked=1.95 GiB elapsed=115.58s
[malloc+free] iteration=250 current=1.95 GiB tracked=1.95 GiB elapsed=116.47s
[malloc+free] iteration=251 current=1.96 GiB tracked=1.96 GiB elapsed=117.35s
[malloc+free] iteration=252 current=1.97 GiB tracked=1.97 GiB elapsed=118.23s
[malloc+free] iteration=253 current=1.98 GiB tracked=1.98 GiB elapsed=119.12s
[malloc+free] iteration=254 current=1.98 GiB tracked=1.98 GiB elapsed=120.05s
[malloc+free] iteration=255 current=1.99 GiB tracked=1.99 GiB elapsed=120.95s
[malloc+free] iteration=256 current=2.00 GiB tracked=2.00 GiB elapsed=121.84s
[malloc+free] iteration=257 current=2.01 GiB tracked=2.01 GiB elapsed=122.71s
[malloc+free] iteration=258 current=2.02 GiB tracked=2.02 GiB elapsed=123.63s
[malloc+free] iteration=259 current=2.02 GiB tracked=2.02 GiB elapsed=124.54s
[malloc+free] iteration=260 current=2.03 GiB tracked=2.03 GiB elapsed=125.47s
[malloc+free] iteration=261 current=2.04 GiB tracked=2.04 GiB elapsed=126.42s
[malloc+free] iteration=262 current=2.05 GiB tracked=2.05 GiB elapsed=127.38s
[malloc+free] iteration=263 current=2.05 GiB tracked=2.05 GiB elapsed=128.32s
[malloc+free] iteration=264 current=2.06 GiB tracked=2.06 GiB elapsed=129.22s
[malloc+free] iteration=265 current=2.07 GiB tracked=2.07 GiB elapsed=130.19s
[malloc+free] iteration=266 current=2.08 GiB tracked=2.08 GiB elapsed=131.09s
[malloc+free] iteration=267 current=2.09 GiB tracked=2.09 GiB elapsed=132.04s
[malloc+free] iteration=268 current=2.09 GiB tracked=2.09 GiB elapsed=132.98s
[malloc+free] iteration=269 current=2.10 GiB tracked=2.10 GiB elapsed=133.91s
[malloc+free] iteration=270 current=2.11 GiB tracked=2.11 GiB elapsed=134.82s
[malloc+free] iteration=271 current=2.12 GiB tracked=2.12 GiB elapsed=135.76s
[malloc+free] iteration=272 current=2.12 GiB tracked=2.12 GiB elapsed=136.72s
[malloc+free] iteration=273 current=2.13 GiB tracked=2.13 GiB elapsed=137.70s
[malloc+free] iteration=274 current=2.14 GiB tracked=2.14 GiB elapsed=138.65s
[malloc+free] iteration=275 current=2.15 GiB tracked=2.15 GiB elapsed=139.61s
[malloc+free] iteration=276 current=2.16 GiB tracked=2.16 GiB elapsed=140.56s
[malloc+free] iteration=277 current=2.16 GiB tracked=2.16 GiB elapsed=141.52s
[malloc+free] iteration=278 current=2.17 GiB tracked=2.17 GiB elapsed=142.48s
[malloc+free] iteration=279 current=2.18 GiB tracked=2.18 GiB elapsed=143.46s
[malloc+free] iteration=280 current=2.19 GiB tracked=2.19 GiB elapsed=144.45s
[malloc+free] iteration=281 current=2.20 GiB tracked=2.20 GiB elapsed=145.48s
[malloc+free] iteration=282 current=2.20 GiB tracked=2.20 GiB elapsed=146.47s
[malloc+free] iteration=283 current=2.21 GiB tracked=2.21 GiB elapsed=147.47s
[malloc+free] iteration=284 current=2.22 GiB tracked=2.22 GiB elapsed=148.46s
[malloc+free] iteration=285 current=2.23 GiB tracked=2.23 GiB elapsed=149.46s
[malloc+free] iteration=286 current=2.23 GiB tracked=2.23 GiB elapsed=150.44s
[malloc+free] iteration=287 current=2.24 GiB tracked=2.24 GiB elapsed=151.44s
[malloc+free] iteration=288 current=2.25 GiB tracked=2.25 GiB elapsed=152.46s
[malloc+free] iteration=289 current=2.26 GiB tracked=2.26 GiB elapsed=153.55s
[malloc+free] iteration=290 current=2.27 GiB tracked=2.27 GiB elapsed=154.68s
[malloc+free] iteration=291 current=2.27 GiB tracked=2.27 GiB elapsed=155.72s
[malloc+free] iteration=292 current=2.28 GiB tracked=2.28 GiB elapsed=156.84s
[malloc+free] iteration=293 current=2.29 GiB tracked=2.29 GiB elapsed=157.94s
[malloc+free] iteration=294 current=2.30 GiB tracked=2.30 GiB elapsed=158.96s
[malloc+free] iteration=295 current=2.30 GiB tracked=2.30 GiB elapsed=160.01s
[malloc+free] iteration=296 current=2.31 GiB tracked=2.31 GiB elapsed=161.03s
[malloc+free] iteration=297 current=2.32 GiB tracked=2.32 GiB elapsed=162.09s
[malloc+free] iteration=298 current=2.33 GiB tracked=2.33 GiB elapsed=163.12s
[malloc+free] iteration=299 current=2.34 GiB tracked=2.34 GiB elapsed=164.18s
[malloc+free] iteration=300 current=2.34 GiB tracked=2.34 GiB elapsed=165.21s
[malloc+free] iteration=301 current=2.35 GiB tracked=2.35 GiB elapsed=166.26s
[malloc+free] iteration=302 current=2.36 GiB tracked=2.36 GiB elapsed=167.29s
[malloc+free] iteration=303 current=2.37 GiB tracked=2.37 GiB elapsed=168.34s
[malloc+free] iteration=304 current=2.38 GiB tracked=2.38 GiB elapsed=169.37s
[malloc+free] iteration=305 current=2.38 GiB tracked=2.38 GiB elapsed=170.44s
[malloc+free] iteration=306 current=2.39 GiB tracked=2.39 GiB elapsed=171.49s
[malloc+free] iteration=307 current=2.40 GiB tracked=2.40 GiB elapsed=172.59s
[malloc+free] iteration=308 current=2.41 GiB tracked=2.41 GiB elapsed=173.67s
[malloc+free] iteration=309 current=2.41 GiB tracked=2.41 GiB elapsed=174.68s
[malloc+free] iteration=310 current=2.42 GiB tracked=2.42 GiB elapsed=175.77s
[malloc+free] iteration=311 current=2.43 GiB tracked=2.43 GiB elapsed=176.83s
[malloc+free] iteration=312 current=2.44 GiB tracked=2.44 GiB elapsed=177.94s
[malloc+free] iteration=313 current=2.45 GiB tracked=2.45 GiB elapsed=179.00s
[malloc+free] iteration=314 current=2.45 GiB tracked=2.45 GiB elapsed=180.07s
[malloc+free] iteration=315 current=2.46 GiB tracked=2.46 GiB elapsed=181.18s
[malloc+free] iteration=316 current=2.47 GiB tracked=2.47 GiB elapsed=182.26s
[malloc+free] iteration=317 current=2.48 GiB tracked=2.48 GiB elapsed=183.35s
[malloc+free] iteration=318 current=2.48 GiB tracked=2.48 GiB elapsed=184.44s
[malloc+free] iteration=319 current=2.49 GiB tracked=2.49 GiB elapsed=185.56s
[malloc+free] iteration=320 current=2.50 GiB tracked=2.50 GiB elapsed=186.65s
[malloc+free] iteration=321 current=2.51 GiB tracked=2.51 GiB elapsed=187.71s
[malloc+free] iteration=322 current=2.52 GiB tracked=2.52 GiB elapsed=188.82s
[malloc+free] iteration=323 current=2.52 GiB tracked=2.52 GiB elapsed=189.91s
[malloc+free] iteration=324 current=2.53 GiB tracked=2.53 GiB elapsed=191.03s
[malloc+free] iteration=325 current=2.54 GiB tracked=2.54 GiB elapsed=192.16s
[malloc+free] iteration=326 current=2.55 GiB tracked=2.55 GiB elapsed=193.29s
[malloc+free] iteration=327 current=2.55 GiB tracked=2.55 GiB elapsed=194.44s
[malloc+free] iteration=328 current=2.56 GiB tracked=2.56 GiB elapsed=195.56s
[malloc+free] iteration=329 current=2.57 GiB tracked=2.57 GiB elapsed=196.72s
[malloc+free] iteration=330 current=2.58 GiB tracked=2.58 GiB elapsed=197.79s
[malloc+free] iteration=331 current=2.59 GiB tracked=2.59 GiB elapsed=198.99s
[malloc+free] iteration=332 current=2.59 GiB tracked=2.59 GiB elapsed=200.12s
[malloc+free] iteration=333 current=2.60 GiB tracked=2.60 GiB elapsed=201.26s
[malloc+free] iteration=334 current=2.61 GiB tracked=2.61 GiB elapsed=202.41s
[malloc+free] iteration=335 current=2.62 GiB tracked=2.62 GiB elapsed=203.57s
[malloc+free] iteration=336 current=2.62 GiB tracked=2.62 GiB elapsed=204.71s
[malloc+free] iteration=337 current=2.63 GiB tracked=2.63 GiB elapsed=205.86s
[malloc+free] iteration=338 current=2.64 GiB tracked=2.64 GiB elapsed=207.07s
[malloc+free] iteration=339 current=2.65 GiB tracked=2.65 GiB elapsed=208.24s
[malloc+free] iteration=340 current=2.66 GiB tracked=2.66 GiB elapsed=209.43s
[malloc+free] iteration=341 current=2.66 GiB tracked=2.66 GiB elapsed=210.58s
[malloc+free] iteration=342 current=2.67 GiB tracked=2.67 GiB elapsed=211.74s
[malloc+free] iteration=343 current=2.68 GiB tracked=2.68 GiB elapsed=213.00s
[malloc+free] iteration=344 current=2.69 GiB tracked=2.69 GiB elapsed=214.15s
[malloc+free] iteration=345 current=2.70 GiB tracked=2.70 GiB elapsed=215.33s
[malloc+free] iteration=346 current=2.70 GiB tracked=2.70 GiB elapsed=216.55s
[malloc+free] iteration=347 current=2.71 GiB tracked=2.71 GiB elapsed=217.72s
[malloc+free] iteration=348 current=2.72 GiB tracked=2.72 GiB elapsed=218.99s
[malloc+free] iteration=349 current=2.73 GiB tracked=2.73 GiB elapsed=220.37s
[malloc+free] iteration=350 current=2.73 GiB tracked=2.73 GiB elapsed=221.70s
[malloc+free] iteration=351 current=2.74 GiB tracked=2.74 GiB elapsed=223.01s
[malloc+free] iteration=352 current=2.75 GiB tracked=2.75 GiB elapsed=224.28s
[malloc+free] iteration=353 current=2.76 GiB tracked=2.76 GiB elapsed=225.48s
[malloc+free] iteration=354 current=2.77 GiB tracked=2.77 GiB elapsed=226.69s
[malloc+free] iteration=355 current=2.77 GiB tracked=2.77 GiB elapsed=227.88s
[malloc+free] iteration=356 current=2.78 GiB tracked=2.78 GiB elapsed=229.21s
[malloc+free] iteration=357 current=2.79 GiB tracked=2.79 GiB elapsed=230.52s
[malloc+free] iteration=358 current=2.80 GiB tracked=2.80 GiB elapsed=231.69s
[malloc+free] iteration=359 current=2.80 GiB tracked=2.80 GiB elapsed=232.91s
[malloc+free] iteration=360 current=2.81 GiB tracked=2.81 GiB elapsed=234.21s
[malloc+free] iteration=361 current=2.82 GiB tracked=2.82 GiB elapsed=235.43s
[malloc+free] iteration=362 current=2.83 GiB tracked=2.83 GiB elapsed=236.67s
[malloc+free] iteration=363 current=2.84 GiB tracked=2.84 GiB elapsed=237.91s
[malloc+free] iteration=364 current=2.84 GiB tracked=2.84 GiB elapsed=239.14s
[malloc+free] iteration=365 current=2.85 GiB tracked=2.85 GiB elapsed=240.42s
[malloc+free] iteration=366 current=2.86 GiB tracked=2.86 GiB elapsed=241.67s
[malloc+free] iteration=367 current=2.87 GiB tracked=2.87 GiB elapsed=242.88s
[malloc+free] iteration=368 current=2.88 GiB tracked=2.88 GiB elapsed=244.11s
[malloc+free] iteration=369 current=2.88 GiB tracked=2.88 GiB elapsed=245.37s
[malloc+free] iteration=370 current=2.89 GiB tracked=2.89 GiB elapsed=246.66s
[malloc+free] iteration=371 current=2.90 GiB tracked=2.90 GiB elapsed=247.87s
[malloc+free] iteration=372 current=2.91 GiB tracked=2.91 GiB elapsed=249.17s
[malloc+free] iteration=373 current=2.91 GiB tracked=2.91 GiB elapsed=250.48s
[malloc+free] iteration=374 current=2.92 GiB tracked=2.92 GiB elapsed=251.74s
[malloc+free] iteration=375 current=2.93 GiB tracked=2.93 GiB elapsed=253.06s
[malloc+free] iteration=376 current=2.94 GiB tracked=2.94 GiB elapsed=254.38s
[malloc+free] iteration=377 current=2.95 GiB tracked=2.95 GiB elapsed=255.64s
[malloc+free] iteration=378 current=2.95 GiB tracked=2.95 GiB elapsed=256.90s
[malloc+free] iteration=379 current=2.96 GiB tracked=2.96 GiB elapsed=258.19s
[malloc+free] iteration=380 current=2.97 GiB tracked=2.97 GiB elapsed=259.52s
[malloc+free] iteration=381 current=2.98 GiB tracked=2.98 GiB elapsed=260.79s
[malloc+free] iteration=382 current=2.98 GiB tracked=2.98 GiB elapsed=262.12s
[malloc+free] iteration=383 current=2.99 GiB tracked=2.99 GiB elapsed=263.41s
[malloc+free] iteration=384 current=3.00 GiB tracked=3.00 GiB elapsed=264.68s
[malloc+free] iteration=385 current=3.01 GiB tracked=3.01 GiB elapsed=265.95s
[malloc+free] iteration=386 current=3.02 GiB tracked=3.02 GiB elapsed=267.31s
[malloc+free] iteration=387 current=3.02 GiB tracked=3.02 GiB elapsed=268.70s
[malloc+free] iteration=388 current=3.03 GiB tracked=3.03 GiB elapsed=269.97s
[malloc+free] iteration=389 current=3.04 GiB tracked=3.04 GiB elapsed=271.30s
[malloc+free] iteration=390 current=3.05 GiB tracked=3.05 GiB elapsed=272.66s
[malloc+free] iteration=391 current=3.05 GiB tracked=3.05 GiB elapsed=274.00s
[malloc+free] iteration=392 current=3.06 GiB tracked=3.06 GiB elapsed=275.34s
[malloc+free] iteration=393 current=3.07 GiB tracked=3.07 GiB elapsed=276.78s
[malloc+free] iteration=394 current=3.08 GiB tracked=3.08 GiB elapsed=278.09s
[malloc+free] iteration=395 current=3.09 GiB tracked=3.09 GiB elapsed=279.45s
[malloc+free] iteration=396 current=3.09 GiB tracked=3.09 GiB elapsed=280.73s
[malloc+free] iteration=397 current=3.10 GiB tracked=3.10 GiB elapsed=282.11s
[malloc+free] iteration=398 current=3.11 GiB tracked=3.11 GiB elapsed=283.51s
[malloc+free] iteration=399 current=3.12 GiB tracked=3.12 GiB elapsed=284.93s
[malloc+free] iteration=400 current=3.12 GiB tracked=3.12 GiB elapsed=286.39s
[malloc+free] iteration=401 current=3.13 GiB tracked=3.13 GiB elapsed=287.83s
[malloc+free] iteration=402 current=3.14 GiB tracked=3.14 GiB elapsed=289.26s
[malloc+free] iteration=403 current=3.15 GiB tracked=3.15 GiB elapsed=290.66s
[malloc+free] iteration=404 current=3.16 GiB tracked=3.16 GiB elapsed=292.01s
[malloc+free] iteration=405 current=3.16 GiB tracked=3.16 GiB elapsed=293.41s
[malloc+free] iteration=406 current=3.17 GiB tracked=3.17 GiB elapsed=294.76s
[malloc+free] iteration=407 current=3.18 GiB tracked=3.18 GiB elapsed=296.13s
[malloc+free] iteration=408 current=3.19 GiB tracked=3.19 GiB elapsed=297.50s
[malloc+free] iteration=409 current=3.20 GiB tracked=3.20 GiB elapsed=298.84s
[malloc+free] iteration=410 current=3.20 GiB tracked=3.20 GiB elapsed=300.22s
[malloc+free] iteration=411 current=3.21 GiB tracked=3.21 GiB elapsed=301.62s
[malloc+free] iteration=412 current=3.22 GiB tracked=3.22 GiB elapsed=302.97s
[malloc+free] iteration=413 current=3.23 GiB tracked=3.23 GiB elapsed=304.38s
[malloc+free] iteration=414 current=3.23 GiB tracked=3.23 GiB elapsed=305.77s
[malloc+free] iteration=415 current=3.24 GiB tracked=3.24 GiB elapsed=307.17s
[malloc+free] iteration=416 current=3.25 GiB tracked=3.25 GiB elapsed=308.62s
[malloc+free] iteration=417 current=3.26 GiB tracked=3.26 GiB elapsed=310.01s
[malloc+free] iteration=418 current=3.27 GiB tracked=3.27 GiB elapsed=311.45s
[malloc+free] iteration=419 current=3.27 GiB tracked=3.27 GiB elapsed=312.78s
[malloc+free] iteration=420 current=3.28 GiB tracked=3.28 GiB elapsed=314.21s
[malloc+free] iteration=421 current=3.29 GiB tracked=3.29 GiB elapsed=315.64s
[malloc+free] iteration=422 current=3.30 GiB tracked=3.30 GiB elapsed=317.03s
[malloc+free] iteration=423 current=3.30 GiB tracked=3.30 GiB elapsed=318.49s
[malloc+free] iteration=424 current=3.31 GiB tracked=3.31 GiB elapsed=319.87s
[malloc+free] iteration=425 current=3.32 GiB tracked=3.32 GiB elapsed=321.30s
[malloc+free] iteration=426 current=3.33 GiB tracked=3.33 GiB elapsed=322.78s
[malloc+free] iteration=427 current=3.34 GiB tracked=3.34 GiB elapsed=324.23s
[malloc+free] iteration=428 current=3.34 GiB tracked=3.34 GiB elapsed=325.71s
[malloc+free] iteration=429 current=3.35 GiB tracked=3.35 GiB elapsed=327.15s
[malloc+free] iteration=430 current=3.36 GiB tracked=3.36 GiB elapsed=328.70s
[malloc+free] iteration=431 current=3.37 GiB tracked=3.37 GiB elapsed=330.14s
[malloc+free] iteration=432 current=3.38 GiB tracked=3.38 GiB elapsed=331.65s
[malloc+free] iteration=433 current=3.38 GiB tracked=3.38 GiB elapsed=333.08s
[malloc+free] iteration=434 current=3.39 GiB tracked=3.39 GiB elapsed=334.58s
[malloc+free] iteration=435 current=3.40 GiB tracked=3.40 GiB elapsed=336.02s
[malloc+free] iteration=436 current=3.41 GiB tracked=3.41 GiB elapsed=337.52s
[malloc+free] iteration=437 current=3.41 GiB tracked=3.41 GiB elapsed=338.93s
[malloc+free] iteration=438 current=3.42 GiB tracked=3.42 GiB elapsed=340.47s
[malloc+free] iteration=439 current=3.43 GiB tracked=3.43 GiB elapsed=341.86s
[malloc+free] iteration=440 current=3.44 GiB tracked=3.44 GiB elapsed=343.37s
[malloc+free] iteration=441 current=3.45 GiB tracked=3.45 GiB elapsed=344.80s
[malloc+free] iteration=442 current=3.45 GiB tracked=3.45 GiB elapsed=346.27s
[malloc+free] iteration=443 current=3.46 GiB tracked=3.46 GiB elapsed=347.77s
[malloc+free] iteration=444 current=3.47 GiB tracked=3.47 GiB elapsed=349.26s
[malloc+free] iteration=445 current=3.48 GiB tracked=3.48 GiB elapsed=350.82s
[malloc+free] iteration=446 current=3.48 GiB tracked=3.48 GiB elapsed=352.50s
[malloc+free] iteration=447 current=3.49 GiB tracked=3.49 GiB elapsed=354.12s
[malloc+free] iteration=448 current=3.50 GiB tracked=3.50 GiB elapsed=355.65s
[malloc+free] iteration=449 current=3.51 GiB tracked=3.51 GiB elapsed=357.17s
[malloc+free] iteration=450 current=3.52 GiB tracked=3.52 GiB elapsed=358.74s
[malloc+free] iteration=451 current=3.52 GiB tracked=3.52 GiB elapsed=360.22s
[malloc+free] iteration=452 current=3.53 GiB tracked=3.53 GiB elapsed=361.78s
[malloc+free] iteration=453 current=3.54 GiB tracked=3.54 GiB elapsed=363.32s
[malloc+free] iteration=454 current=3.55 GiB tracked=3.55 GiB elapsed=364.80s
[malloc+free] iteration=455 current=3.55 GiB tracked=3.55 GiB elapsed=366.39s
[malloc+free] iteration=456 current=3.56 GiB tracked=3.56 GiB elapsed=367.85s
[malloc+free] iteration=457 current=3.57 GiB tracked=3.57 GiB elapsed=369.42s
[malloc+free] iteration=458 current=3.58 GiB tracked=3.58 GiB elapsed=370.87s
[malloc+free] iteration=459 current=3.59 GiB tracked=3.59 GiB elapsed=372.46s
[malloc+free] iteration=460 current=3.59 GiB tracked=3.59 GiB elapsed=373.93s
[malloc+free] iteration=461 current=3.60 GiB tracked=3.60 GiB elapsed=375.58s
[malloc+free] iteration=462 current=3.61 GiB tracked=3.61 GiB elapsed=377.13s
[malloc+free] iteration=463 current=3.62 GiB tracked=3.62 GiB elapsed=378.73s
[malloc+free] iteration=464 current=3.62 GiB tracked=3.62 GiB elapsed=380.28s
[malloc+free] iteration=465 current=3.63 GiB tracked=3.63 GiB elapsed=381.83s
[malloc+free] iteration=466 current=3.64 GiB tracked=3.64 GiB elapsed=383.45s
[malloc+free] iteration=467 current=3.65 GiB tracked=3.65 GiB elapsed=384.97s
[malloc+free] iteration=468 current=3.66 GiB tracked=3.66 GiB elapsed=386.52s
[malloc+free] iteration=469 current=3.66 GiB tracked=3.66 GiB elapsed=388.17s
[malloc+free] iteration=470 current=3.67 GiB tracked=3.67 GiB elapsed=389.76s
[malloc+free] iteration=471 current=3.68 GiB tracked=3.68 GiB elapsed=391.31s
[malloc+free] iteration=472 current=3.69 GiB tracked=3.69 GiB elapsed=392.83s
[malloc+free] iteration=473 current=3.70 GiB tracked=3.70 GiB elapsed=394.46s
[malloc+free] iteration=474 current=3.70 GiB tracked=3.70 GiB elapsed=395.97s
[malloc+free] iteration=475 current=3.71 GiB tracked=3.71 GiB elapsed=397.57s
[malloc+free] iteration=476 current=3.72 GiB tracked=3.72 GiB elapsed=399.17s
[malloc+free] iteration=477 current=3.73 GiB tracked=3.73 GiB elapsed=400.79s
[malloc+free] iteration=478 current=3.73 GiB tracked=3.73 GiB elapsed=402.42s
[malloc+free] iteration=479 current=3.74 GiB tracked=3.74 GiB elapsed=404.03s
[malloc+free] iteration=480 current=3.75 GiB tracked=3.75 GiB elapsed=405.72s
[malloc+free] iteration=481 current=3.76 GiB tracked=3.76 GiB elapsed=407.30s
[malloc+free] iteration=482 current=3.77 GiB tracked=3.77 GiB elapsed=408.84s
[malloc+free] iteration=483 current=3.77 GiB tracked=3.77 GiB elapsed=410.52s
[malloc+free] iteration=484 current=3.78 GiB tracked=3.78 GiB elapsed=412.12s
[malloc+free] iteration=485 current=3.79 GiB tracked=3.79 GiB elapsed=413.79s
[malloc+free] iteration=486 current=3.80 GiB tracked=3.80 GiB elapsed=415.42s
[malloc+free] iteration=487 current=3.80 GiB tracked=3.80 GiB elapsed=417.21s
[malloc+free] iteration=488 current=3.81 GiB tracked=3.81 GiB elapsed=418.90s
[malloc+free] iteration=489 current=3.82 GiB tracked=3.82 GiB elapsed=420.72s
[malloc+free] iteration=490 current=3.83 GiB tracked=3.83 GiB elapsed=422.37s
[malloc+free] iteration=491 current=3.84 GiB tracked=3.84 GiB elapsed=424.05s
[malloc+free] iteration=492 current=3.84 GiB tracked=3.84 GiB elapsed=425.68s
[malloc+free] iteration=493 current=3.85 GiB tracked=3.85 GiB elapsed=427.32s
[malloc+free] iteration=494 current=3.86 GiB tracked=3.86 GiB elapsed=428.89s
[malloc+free] iteration=495 current=3.87 GiB tracked=3.87 GiB elapsed=430.52s
[malloc+free] iteration=496 current=3.88 GiB tracked=3.88 GiB elapsed=432.29s
[malloc+free] iteration=497 current=3.88 GiB tracked=3.88 GiB elapsed=433.85s
[malloc+free] iteration=498 current=3.89 GiB tracked=3.89 GiB elapsed=435.54s
[malloc+free] iteration=499 current=3.90 GiB tracked=3.90 GiB elapsed=437.25s
[malloc+free] iteration=500 current=3.91 GiB tracked=3.91 GiB elapsed=438.87s
[malloc+free] iteration=501 current=3.91 GiB tracked=3.91 GiB elapsed=440.63s
[malloc+free] iteration=502 current=3.92 GiB tracked=3.92 GiB elapsed=442.29s
[malloc+free] iteration=503 current=3.93 GiB tracked=3.93 GiB elapsed=443.88s
[malloc+free] iteration=504 current=3.94 GiB tracked=3.94 GiB elapsed=445.65s
[malloc+free] iteration=505 current=3.95 GiB tracked=3.95 GiB elapsed=447.34s
[malloc+free] iteration=506 current=3.95 GiB tracked=3.95 GiB elapsed=448.97s
[malloc+free] iteration=507 current=3.96 GiB tracked=3.96 GiB elapsed=450.72s
[malloc+free] iteration=508 current=3.97 GiB tracked=3.97 GiB elapsed=452.42s
[malloc+free] iteration=509 current=3.98 GiB tracked=3.98 GiB elapsed=454.06s
[malloc+free] iteration=510 current=3.98 GiB tracked=3.98 GiB elapsed=455.87s
[malloc+free] iteration=511 current=3.99 GiB tracked=3.99 GiB elapsed=457.69s
[malloc+free] iteration=512 current=4.00 GiB tracked=4.00 GiB elapsed=459.40s
[malloc+free] iteration=513 current=4.01 GiB tracked=4.01 GiB elapsed=461.00s
[malloc+free] iteration=514 current=4.02 GiB tracked=4.02 GiB elapsed=462.82s
[malloc+free] iteration=515 current=4.02 GiB tracked=4.02 GiB elapsed=464.71s
[malloc+free] iteration=516 current=4.03 GiB tracked=4.03 GiB elapsed=466.42s
[malloc+free] iteration=517 current=4.04 GiB tracked=4.04 GiB elapsed=468.05s
[malloc+free] iteration=518 current=4.05 GiB tracked=4.05 GiB elapsed=469.80s
[malloc+free] iteration=519 current=4.05 GiB tracked=4.05 GiB elapsed=471.55s
[malloc+free] iteration=520 current=4.06 GiB tracked=4.06 GiB elapsed=473.23s
[malloc+free] iteration=521 current=4.07 GiB tracked=4.07 GiB elapsed=474.85s
[malloc+free] iteration=522 current=4.08 GiB tracked=4.08 GiB elapsed=476.62s
[malloc+free] iteration=523 current=4.09 GiB tracked=4.09 GiB elapsed=478.39s
[malloc+free] iteration=524 current=4.09 GiB tracked=4.09 GiB elapsed=480.10s
[malloc+free] iteration=525 current=4.10 GiB tracked=4.10 GiB elapsed=481.89s
[malloc+free] iteration=526 current=4.11 GiB tracked=4.11 GiB elapsed=483.83s
[malloc+free] iteration=527 current=4.12 GiB tracked=4.12 GiB elapsed=485.70s
[malloc+free] iteration=528 current=4.12 GiB tracked=4.12 GiB elapsed=487.55s
[malloc+free] iteration=529 current=4.13 GiB tracked=4.13 GiB elapsed=489.28s
[malloc+free] iteration=530 current=4.14 GiB tracked=4.14 GiB elapsed=491.05s
[malloc+free] iteration=531 current=4.15 GiB tracked=4.15 GiB elapsed=492.81s
[malloc+free] iteration=532 current=4.16 GiB tracked=4.16 GiB elapsed=494.59s
[malloc+free] iteration=533 current=4.16 GiB tracked=4.16 GiB elapsed=496.42s
[malloc+free] iteration=534 current=4.17 GiB tracked=4.17 GiB elapsed=498.35s
[malloc+free] iteration=535 current=4.18 GiB tracked=4.18 GiB elapsed=500.13s
[malloc+free] iteration=536 current=4.19 GiB tracked=4.19 GiB elapsed=501.84s
[malloc+free] iteration=537 current=4.20 GiB tracked=4.20 GiB elapsed=503.70s
[malloc+free] iteration=538 current=4.20 GiB tracked=4.20 GiB elapsed=505.53s
[malloc+free] iteration=539 current=4.21 GiB tracked=4.21 GiB elapsed=507.30s
[malloc+free] iteration=540 current=4.22 GiB tracked=4.22 GiB elapsed=509.04s
[malloc+free] iteration=541 current=4.23 GiB tracked=4.23 GiB elapsed=510.79s
[malloc+free] iteration=542 current=4.23 GiB tracked=4.23 GiB elapsed=512.63s
[malloc+free] iteration=543 current=4.24 GiB tracked=4.24 GiB elapsed=514.42s
[malloc+free] iteration=544 current=4.25 GiB tracked=4.25 GiB elapsed=516.17s
[malloc+free] iteration=545 current=4.26 GiB tracked=4.26 GiB elapsed=517.95s
[malloc+free] iteration=546 current=4.27 GiB tracked=4.27 GiB elapsed=519.82s
[malloc+free] iteration=547 current=4.27 GiB tracked=4.27 GiB elapsed=521.73s
[malloc+free] iteration=548 current=4.28 GiB tracked=4.28 GiB elapsed=523.67s
[malloc+free] iteration=549 current=4.29 GiB tracked=4.29 GiB elapsed=525.53s
[malloc+free] iteration=550 current=4.30 GiB tracked=4.30 GiB elapsed=527.41s
[malloc+free] iteration=551 current=4.30 GiB tracked=4.30 GiB elapsed=529.26s
[malloc+free] iteration=552 current=4.31 GiB tracked=4.31 GiB elapsed=530.98s
[malloc+free] iteration=553 current=4.32 GiB tracked=4.32 GiB elapsed=532.81s
[malloc+free] iteration=554 current=4.33 GiB tracked=4.33 GiB elapsed=534.75s
[malloc+free] iteration=555 current=4.34 GiB tracked=4.34 GiB elapsed=536.66s
[malloc+free] iteration=556 current=4.34 GiB tracked=4.34 GiB elapsed=538.60s
[malloc+free] iteration=557 current=4.35 GiB tracked=4.35 GiB elapsed=540.49s
[malloc+free] iteration=558 current=4.36 GiB tracked=4.36 GiB elapsed=542.26s
[malloc+free] iteration=559 current=4.37 GiB tracked=4.37 GiB elapsed=544.11s
[malloc+free] iteration=560 current=4.38 GiB tracked=4.38 GiB elapsed=545.80s
[malloc+free] iteration=561 current=4.38 GiB tracked=4.38 GiB elapsed=547.81s
[malloc+free] iteration=562 current=4.39 GiB tracked=4.39 GiB elapsed=549.89s
[malloc+free] iteration=563 current=4.40 GiB tracked=4.40 GiB elapsed=551.89s
[malloc+free] iteration=564 current=4.41 GiB tracked=4.41 GiB elapsed=553.86s
[malloc+free] iteration=565 current=4.41 GiB tracked=4.41 GiB elapsed=555.80s
[malloc+free] iteration=566 current=4.42 GiB tracked=4.42 GiB elapsed=557.74s
[malloc+free] iteration=567 current=4.43 GiB tracked=4.43 GiB elapsed=559.71s
[malloc+free] iteration=568 current=4.44 GiB tracked=4.44 GiB elapsed=561.65s
[malloc+free] iteration=569 current=4.45 GiB tracked=4.45 GiB elapsed=563.61s
[malloc+free] iteration=570 current=4.45 GiB tracked=4.45 GiB elapsed=565.51s
[malloc+free] iteration=571 current=4.46 GiB tracked=4.46 GiB elapsed=567.39s
[malloc+free] iteration=572 current=4.47 GiB tracked=4.47 GiB elapsed=569.29s
[malloc+free] iteration=573 current=4.48 GiB tracked=4.48 GiB elapsed=571.15s
[malloc+free] iteration=574 current=4.48 GiB tracked=4.48 GiB elapsed=573.01s
[malloc+free] iteration=575 current=4.49 GiB tracked=4.49 GiB elapsed=574.83s
[malloc+free] iteration=576 current=4.50 GiB tracked=4.50 GiB elapsed=576.83s
[malloc+free] iteration=577 current=4.51 GiB tracked=4.51 GiB elapsed=578.78s
[malloc+free] iteration=578 current=4.52 GiB tracked=4.52 GiB elapsed=580.77s
[malloc+free] iteration=579 current=4.52 GiB tracked=4.52 GiB elapsed=582.73s
[malloc+free] iteration=580 current=4.53 GiB tracked=4.53 GiB elapsed=584.77s
[malloc+free] iteration=581 current=4.54 GiB tracked=4.54 GiB elapsed=586.80s
[malloc+free] iteration=582 current=4.55 GiB tracked=4.55 GiB elapsed=588.75s
[malloc+free] iteration=583 current=4.55 GiB tracked=4.55 GiB elapsed=590.79s
[malloc+free] iteration=584 current=4.56 GiB tracked=4.56 GiB elapsed=592.80s
[malloc+free] iteration=585 current=4.57 GiB tracked=4.57 GiB elapsed=594.87s
[malloc+free] iteration=586 current=4.58 GiB tracked=4.58 GiB elapsed=596.86s
[malloc+free] iteration=587 current=4.59 GiB tracked=4.59 GiB elapsed=598.85s
[malloc+free] terminated by runner after 600s timeout
