Usage: C:\code\cppc\comparch-4\memory_realloc.exe [step_bytes] [max_iterations]
If omitted, step_bytes defaults to 8388608 bytes (8 MiB).
If max_iterations is omitted or 0, the program runs until allocation fails.
[realloc] iteration=1 current=8.00 MiB tracked=8.00 MiB elapsed=0.20s
[realloc] iteration=2 current=16.00 MiB tracked=16.00 MiB elapsed=0.32s
[realloc] iteration=3 current=24.00 MiB tracked=24.00 MiB elapsed=0.45s
[realloc] iteration=4 current=32.00 MiB tracked=32.00 MiB elapsed=0.57s
[realloc] iteration=5 current=40.00 MiB tracked=40.00 MiB elapsed=0.71s
[realloc] iteration=6 current=48.00 MiB tracked=48.00 MiB elapsed=0.89s
[realloc] iteration=7 current=56.00 MiB tracked=56.00 MiB elapsed=1.09s
[realloc] iteration=8 current=64.00 MiB tracked=64.00 MiB elapsed=1.24s
[realloc] iteration=9 current=72.00 MiB tracked=72.00 MiB elapsed=1.28s
[realloc] iteration=10 current=80.00 MiB tracked=80.00 MiB elapsed=1.31s
[realloc] iteration=11 current=88.00 MiB tracked=88.00 MiB elapsed=1.34s
[realloc] iteration=12 current=96.00 MiB tracked=96.00 MiB elapsed=1.37s
[realloc] iteration=13 current=104.00 MiB tracked=104.00 MiB elapsed=1.42s
[realloc] iteration=14 current=112.00 MiB tracked=112.00 MiB elapsed=1.46s
[realloc] iteration=15 current=120.00 MiB tracked=120.00 MiB elapsed=1.51s
[realloc] iteration=16 current=128.00 MiB tracked=128.00 MiB elapsed=1.56s
[realloc] iteration=17 current=136.00 MiB tracked=136.00 MiB elapsed=1.60s
[realloc] iteration=18 current=144.00 MiB tracked=144.00 MiB elapsed=1.65s
[realloc] iteration=19 current=152.00 MiB tracked=152.00 MiB elapsed=1.70s
[realloc] iteration=20 current=160.00 MiB tracked=160.00 MiB elapsed=1.75s
[realloc] iteration=21 current=168.00 MiB tracked=168.00 MiB elapsed=1.80s
[realloc] iteration=22 current=176.00 MiB tracked=176.00 MiB elapsed=1.86s
[realloc] iteration=23 current=184.00 MiB tracked=184.00 MiB elapsed=1.92s
[realloc] iteration=24 current=192.00 MiB tracked=192.00 MiB elapsed=1.98s
[realloc] iteration=25 current=200.00 MiB tracked=200.00 MiB elapsed=2.04s
[realloc] iteration=26 current=208.00 MiB tracked=208.00 MiB elapsed=2.11s
[realloc] iteration=27 current=216.00 MiB tracked=216.00 MiB elapsed=2.22s
[realloc] iteration=28 current=224.00 MiB tracked=224.00 MiB elapsed=2.30s
[realloc] iteration=29 current=232.00 MiB tracked=232.00 MiB elapsed=2.37s
[realloc] iteration=30 current=240.00 MiB tracked=240.00 MiB elapsed=2.44s
[realloc] iteration=31 current=248.00 MiB tracked=248.00 MiB elapsed=2.52s
[realloc] iteration=32 current=256.00 MiB tracked=256.00 MiB elapsed=2.60s
[realloc] iteration=33 current=264.00 MiB tracked=264.00 MiB elapsed=2.69s
[realloc] iteration=34 current=272.00 MiB tracked=272.00 MiB elapsed=2.79s
[realloc] iteration=35 current=280.00 MiB tracked=280.00 MiB elapsed=2.88s
[realloc] iteration=36 current=288.00 MiB tracked=288.00 MiB elapsed=2.97s
[realloc] iteration=37 current=296.00 MiB tracked=296.00 MiB elapsed=3.06s
[realloc] iteration=38 current=304.00 MiB tracked=304.00 MiB elapsed=3.21s
[realloc] iteration=39 current=312.00 MiB tracked=312.00 MiB elapsed=3.31s
[realloc] iteration=40 current=320.00 MiB tracked=320.00 MiB elapsed=3.42s
[realloc] iteration=41 current=328.00 MiB tracked=328.00 MiB elapsed=3.52s
[realloc] iteration=42 current=336.00 MiB tracked=336.00 MiB elapsed=3.64s
[realloc] iteration=43 current=344.00 MiB tracked=344.00 MiB elapsed=3.75s
[realloc] iteration=44 current=352.00 MiB tracked=352.00 MiB elapsed=3.85s
[realloc] iteration=45 current=360.00 MiB tracked=360.00 MiB elapsed=3.95s
[realloc] iteration=46 current=368.00 MiB tracked=368.00 MiB elapsed=4.06s
[realloc] iteration=47 current=376.00 MiB tracked=376.00 MiB elapsed=4.23s
[realloc] iteration=48 current=384.00 MiB tracked=384.00 MiB elapsed=4.36s
[realloc] iteration=49 current=392.00 MiB tracked=392.00 MiB elapsed=4.48s
[realloc] iteration=50 current=400.00 MiB tracked=400.00 MiB elapsed=4.61s
[realloc] iteration=51 current=408.00 MiB tracked=408.00 MiB elapsed=4.75s
[realloc] iteration=52 current=416.00 MiB tracked=416.00 MiB elapsed=4.87s
[realloc] iteration=53 current=424.00 MiB tracked=424.00 MiB elapsed=5.01s
[realloc] iteration=54 current=432.00 MiB tracked=432.00 MiB elapsed=5.17s
[realloc] iteration=55 current=440.00 MiB tracked=440.00 MiB elapsed=5.31s
[realloc] iteration=56 current=448.00 MiB tracked=448.00 MiB elapsed=5.44s
[realloc] iteration=57 current=456.00 MiB tracked=456.00 MiB elapsed=5.57s
[realloc] iteration=58 current=464.00 MiB tracked=464.00 MiB elapsed=5.70s
[realloc] iteration=59 current=472.00 MiB tracked=472.00 MiB elapsed=5.86s
[realloc] iteration=60 current=480.00 MiB tracked=480.00 MiB elapsed=6.10s
[realloc] iteration=61 current=488.00 MiB tracked=488.00 MiB elapsed=6.26s
[realloc] iteration=62 current=496.00 MiB tracked=496.00 MiB elapsed=6.41s
[realloc] iteration=63 current=504.00 MiB tracked=504.00 MiB elapsed=6.55s
[realloc] iteration=64 current=512.00 MiB tracked=512.00 MiB elapsed=6.78s
[realloc] iteration=65 current=520.00 MiB tracked=520.00 MiB elapsed=6.93s
[realloc] iteration=66 current=528.00 MiB tracked=528.00 MiB elapsed=7.16s
[realloc] iteration=67 current=536.00 MiB tracked=536.00 MiB elapsed=7.32s
[realloc] iteration=68 current=544.00 MiB tracked=544.00 MiB elapsed=7.47s
[realloc] iteration=69 current=552.00 MiB tracked=552.00 MiB elapsed=7.62s
[realloc] iteration=70 current=560.00 MiB tracked=560.00 MiB elapsed=7.77s
[realloc] iteration=71 current=568.00 MiB tracked=568.00 MiB elapsed=8.02s
[realloc] iteration=72 current=576.00 MiB tracked=576.00 MiB elapsed=8.19s
[realloc] iteration=73 current=584.00 MiB tracked=584.00 MiB elapsed=8.38s
[realloc] iteration=74 current=592.00 MiB tracked=592.00 MiB elapsed=8.56s
[realloc] iteration=75 current=600.00 MiB tracked=600.00 MiB elapsed=8.72s
[realloc] iteration=76 current=608.00 MiB tracked=608.00 MiB elapsed=8.88s
[realloc] iteration=77 current=616.00 MiB tracked=616.00 MiB elapsed=9.11s
[realloc] iteration=78 current=624.00 MiB tracked=624.00 MiB elapsed=9.29s
[realloc] iteration=79 current=632.00 MiB tracked=632.00 MiB elapsed=9.46s
[realloc] iteration=80 current=640.00 MiB tracked=640.00 MiB elapsed=9.64s
[realloc] iteration=81 current=648.00 MiB tracked=648.00 MiB elapsed=9.82s
[realloc] iteration=82 current=656.00 MiB tracked=656.00 MiB elapsed=10.04s
[realloc] iteration=83 current=664.00 MiB tracked=664.00 MiB elapsed=10.24s
[realloc] iteration=84 current=672.00 MiB tracked=672.00 MiB elapsed=10.43s
[realloc] iteration=85 current=680.00 MiB tracked=680.00 MiB elapsed=10.65s
[realloc] iteration=86 current=688.00 MiB tracked=688.00 MiB elapsed=10.91s
[realloc] iteration=87 current=696.00 MiB tracked=696.00 MiB elapsed=11.23s
[realloc] iteration=88 current=704.00 MiB tracked=704.00 MiB elapsed=11.42s
[realloc] iteration=89 current=712.00 MiB tracked=712.00 MiB elapsed=11.60s
[realloc] iteration=90 current=720.00 MiB tracked=720.00 MiB elapsed=11.88s
[realloc] iteration=91 current=728.00 MiB tracked=728.00 MiB elapsed=12.07s
[realloc] iteration=92 current=736.00 MiB tracked=736.00 MiB elapsed=12.31s
[realloc] iteration=93 current=744.00 MiB tracked=744.00 MiB elapsed=12.52s
[realloc] iteration=94 current=752.00 MiB tracked=752.00 MiB elapsed=12.72s
[realloc] iteration=95 current=760.00 MiB tracked=760.00 MiB elapsed=12.98s
[realloc] iteration=96 current=768.00 MiB tracked=768.00 MiB elapsed=13.20s
[realloc] iteration=97 current=776.00 MiB tracked=776.00 MiB elapsed=13.41s
[realloc] iteration=98 current=784.00 MiB tracked=784.00 MiB elapsed=13.64s
[realloc] iteration=99 current=792.00 MiB tracked=792.00 MiB elapsed=13.87s
[realloc] iteration=100 current=800.00 MiB tracked=800.00 MiB elapsed=14.10s
[realloc] iteration=101 current=808.00 MiB tracked=808.00 MiB elapsed=14.37s
[realloc] iteration=102 current=816.00 MiB tracked=816.00 MiB elapsed=14.58s
[realloc] iteration=103 current=824.00 MiB tracked=824.00 MiB elapsed=14.88s
[realloc] iteration=104 current=832.00 MiB tracked=832.00 MiB elapsed=15.15s
[realloc] iteration=105 current=840.00 MiB tracked=840.00 MiB elapsed=15.42s
[realloc] iteration=106 current=848.00 MiB tracked=848.00 MiB elapsed=15.64s
[realloc] iteration=107 current=856.00 MiB tracked=856.00 MiB elapsed=15.92s
[realloc] iteration=108 current=864.00 MiB tracked=864.00 MiB elapsed=16.16s
[realloc] iteration=109 current=872.00 MiB tracked=872.00 MiB elapsed=16.42s
[realloc] iteration=110 current=880.00 MiB tracked=880.00 MiB elapsed=16.65s
[realloc] iteration=111 current=888.00 MiB tracked=888.00 MiB elapsed=16.93s
[realloc] iteration=112 current=896.00 MiB tracked=896.00 MiB elapsed=17.17s
[realloc] iteration=113 current=904.00 MiB tracked=904.00 MiB elapsed=17.45s
[realloc] iteration=114 current=912.00 MiB tracked=912.00 MiB elapsed=17.70s
[realloc] iteration=115 current=920.00 MiB tracked=920.00 MiB elapsed=18.00s
[realloc] iteration=116 current=928.00 MiB tracked=928.00 MiB elapsed=18.28s
[realloc] iteration=117 current=936.00 MiB tracked=936.00 MiB elapsed=18.52s
[realloc] iteration=118 current=944.00 MiB tracked=944.00 MiB elapsed=18.83s
[realloc] iteration=119 current=952.00 MiB tracked=952.00 MiB elapsed=19.11s
[realloc] iteration=120 current=960.00 MiB tracked=960.00 MiB elapsed=19.41s
[realloc] iteration=121 current=968.00 MiB tracked=968.00 MiB elapsed=19.67s
[realloc] iteration=122 current=976.00 MiB tracked=976.00 MiB elapsed=19.96s
[realloc] iteration=123 current=984.00 MiB tracked=984.00 MiB elapsed=20.26s
[realloc] iteration=124 current=992.00 MiB tracked=992.00 MiB elapsed=20.57s
[realloc] iteration=125 current=1000.00 MiB tracked=1000.00 MiB elapsed=20.89s
[realloc] iteration=126 current=1008.00 MiB tracked=1008.00 MiB elapsed=21.21s
[realloc] iteration=127 current=1016.00 MiB tracked=1016.00 MiB elapsed=21.50s
[realloc] iteration=128 current=1.00 GiB tracked=1.00 GiB elapsed=21.78s
[realloc] iteration=129 current=1.01 GiB tracked=1.01 GiB elapsed=22.12s
[realloc] iteration=130 current=1.02 GiB tracked=1.02 GiB elapsed=22.42s
[realloc] iteration=131 current=1.02 GiB tracked=1.02 GiB elapsed=22.69s
[realloc] iteration=132 current=1.03 GiB tracked=1.03 GiB elapsed=23.04s
[realloc] iteration=133 current=1.04 GiB tracked=1.04 GiB elapsed=23.37s
[realloc] iteration=134 current=1.05 GiB tracked=1.05 GiB elapsed=23.68s
[realloc] iteration=135 current=1.05 GiB tracked=1.05 GiB elapsed=23.98s
[realloc] iteration=136 current=1.06 GiB tracked=1.06 GiB elapsed=24.35s
[realloc] iteration=137 current=1.07 GiB tracked=1.07 GiB elapsed=24.66s
[realloc] iteration=138 current=1.08 GiB tracked=1.08 GiB elapsed=24.97s
[realloc] iteration=139 current=1.09 GiB tracked=1.09 GiB elapsed=25.30s
[realloc] iteration=140 current=1.09 GiB tracked=1.09 GiB elapsed=25.67s
[realloc] iteration=141 current=1.10 GiB tracked=1.10 GiB elapsed=25.99s
[realloc] iteration=142 current=1.11 GiB tracked=1.11 GiB elapsed=26.30s
[realloc] iteration=143 current=1.12 GiB tracked=1.12 GiB elapsed=26.64s
[realloc] iteration=144 current=1.12 GiB tracked=1.12 GiB elapsed=26.96s
[realloc] iteration=145 current=1.13 GiB tracked=1.13 GiB elapsed=27.29s
[realloc] iteration=146 current=1.14 GiB tracked=1.14 GiB elapsed=27.63s
[realloc] iteration=147 current=1.15 GiB tracked=1.15 GiB elapsed=27.97s
[realloc] iteration=148 current=1.16 GiB tracked=1.16 GiB elapsed=28.32s
[realloc] iteration=149 current=1.16 GiB tracked=1.16 GiB elapsed=28.70s
[realloc] iteration=150 current=1.17 GiB tracked=1.17 GiB elapsed=29.06s
[realloc] iteration=151 current=1.18 GiB tracked=1.18 GiB elapsed=29.41s
[realloc] iteration=152 current=1.19 GiB tracked=1.19 GiB elapsed=29.84s
[realloc] iteration=153 current=1.20 GiB tracked=1.20 GiB elapsed=30.23s
[realloc] iteration=154 current=1.20 GiB tracked=1.20 GiB elapsed=30.61s
[realloc] iteration=155 current=1.21 GiB tracked=1.21 GiB elapsed=30.99s
[realloc] iteration=156 current=1.22 GiB tracked=1.22 GiB elapsed=31.36s
[realloc] iteration=157 current=1.23 GiB tracked=1.23 GiB elapsed=31.76s
[realloc] iteration=158 current=1.23 GiB tracked=1.23 GiB elapsed=32.14s
[realloc] iteration=159 current=1.24 GiB tracked=1.24 GiB elapsed=32.59s
[realloc] iteration=160 current=1.25 GiB tracked=1.25 GiB elapsed=32.97s
[realloc] iteration=161 current=1.26 GiB tracked=1.26 GiB elapsed=33.32s
[realloc] iteration=162 current=1.27 GiB tracked=1.27 GiB elapsed=33.73s
[realloc] iteration=163 current=1.27 GiB tracked=1.27 GiB elapsed=34.14s
[realloc] iteration=164 current=1.28 GiB tracked=1.28 GiB elapsed=34.52s
[realloc] iteration=165 current=1.29 GiB tracked=1.29 GiB elapsed=34.98s
[realloc] iteration=166 current=1.30 GiB tracked=1.30 GiB elapsed=35.38s
[realloc] iteration=167 current=1.30 GiB tracked=1.30 GiB elapsed=35.81s
[realloc] iteration=168 current=1.31 GiB tracked=1.31 GiB elapsed=36.24s
[realloc] iteration=169 current=1.32 GiB tracked=1.32 GiB elapsed=36.65s
[realloc] iteration=170 current=1.33 GiB tracked=1.33 GiB elapsed=37.05s
[realloc] iteration=171 current=1.34 GiB tracked=1.34 GiB elapsed=37.45s
[realloc] iteration=172 current=1.34 GiB tracked=1.34 GiB elapsed=37.95s
[realloc] iteration=173 current=1.35 GiB tracked=1.35 GiB elapsed=38.34s
[realloc] iteration=174 current=1.36 GiB tracked=1.36 GiB elapsed=38.77s
[realloc] iteration=175 current=1.37 GiB tracked=1.37 GiB elapsed=39.17s
[realloc] iteration=176 current=1.38 GiB tracked=1.38 GiB elapsed=39.57s
[realloc] iteration=177 current=1.38 GiB tracked=1.38 GiB elapsed=40.02s
[realloc] iteration=178 current=1.39 GiB tracked=1.39 GiB elapsed=40.45s
[realloc] iteration=179 current=1.40 GiB tracked=1.40 GiB elapsed=40.86s
[realloc] iteration=180 current=1.41 GiB tracked=1.41 GiB elapsed=41.31s
[realloc] iteration=181 current=1.41 GiB tracked=1.41 GiB elapsed=41.75s
[realloc] iteration=182 current=1.42 GiB tracked=1.42 GiB elapsed=42.22s
[realloc] iteration=183 current=1.43 GiB tracked=1.43 GiB elapsed=42.62s
[realloc] iteration=184 current=1.44 GiB tracked=1.44 GiB elapsed=43.11s
[realloc] iteration=185 current=1.45 GiB tracked=1.45 GiB elapsed=43.55s
[realloc] iteration=186 current=1.45 GiB tracked=1.45 GiB elapsed=44.00s
[realloc] iteration=187 current=1.46 GiB tracked=1.46 GiB elapsed=44.47s
[realloc] iteration=188 current=1.47 GiB tracked=1.47 GiB elapsed=44.91s
[realloc] iteration=189 current=1.48 GiB tracked=1.48 GiB elapsed=45.39s
[realloc] iteration=190 current=1.48 GiB tracked=1.48 GiB elapsed=45.89s
[realloc] iteration=191 current=1.49 GiB tracked=1.49 GiB elapsed=46.34s
[realloc] iteration=192 current=1.50 GiB tracked=1.50 GiB elapsed=46.79s
[realloc] iteration=193 current=1.51 GiB tracked=1.51 GiB elapsed=47.24s
[realloc] iteration=194 current=1.52 GiB tracked=1.52 GiB elapsed=47.73s
[realloc] iteration=195 current=1.52 GiB tracked=1.52 GiB elapsed=48.20s
[realloc] iteration=196 current=1.53 GiB tracked=1.53 GiB elapsed=48.61s
[realloc] iteration=197 current=1.54 GiB tracked=1.54 GiB elapsed=49.12s
[realloc] iteration=198 current=1.55 GiB tracked=1.55 GiB elapsed=49.65s
[realloc] iteration=199 current=1.55 GiB tracked=1.55 GiB elapsed=50.18s
[realloc] iteration=200 current=1.56 GiB tracked=1.56 GiB elapsed=50.63s
[realloc] iteration=201 current=1.57 GiB tracked=1.57 GiB elapsed=51.09s
[realloc] iteration=202 current=1.58 GiB tracked=1.58 GiB elapsed=51.55s
[realloc] iteration=203 current=1.59 GiB tracked=1.59 GiB elapsed=52.03s
[realloc] iteration=204 current=1.59 GiB tracked=1.59 GiB elapsed=52.53s
[realloc] iteration=205 current=1.60 GiB tracked=1.60 GiB elapsed=53.01s
[realloc] iteration=206 current=1.61 GiB tracked=1.61 GiB elapsed=53.48s
[realloc] iteration=207 current=1.62 GiB tracked=1.62 GiB elapsed=53.95s
[realloc] iteration=208 current=1.62 GiB tracked=1.62 GiB elapsed=54.51s
[realloc] iteration=209 current=1.63 GiB tracked=1.63 GiB elapsed=54.99s
[realloc] iteration=210 current=1.64 GiB tracked=1.64 GiB elapsed=55.56s
[realloc] iteration=211 current=1.65 GiB tracked=1.65 GiB elapsed=56.03s
[realloc] iteration=212 current=1.66 GiB tracked=1.66 GiB elapsed=56.55s
[realloc] iteration=213 current=1.66 GiB tracked=1.66 GiB elapsed=57.09s
[realloc] iteration=214 current=1.67 GiB tracked=1.67 GiB elapsed=57.64s
[realloc] iteration=215 current=1.68 GiB tracked=1.68 GiB elapsed=58.22s
[realloc] iteration=216 current=1.69 GiB tracked=1.69 GiB elapsed=58.73s
[realloc] iteration=217 current=1.70 GiB tracked=1.70 GiB elapsed=59.26s
[realloc] iteration=218 current=1.70 GiB tracked=1.70 GiB elapsed=59.87s
[realloc] iteration=219 current=1.71 GiB tracked=1.71 GiB elapsed=60.38s
[realloc] iteration=220 current=1.72 GiB tracked=1.72 GiB elapsed=60.88s
[realloc] iteration=221 current=1.73 GiB tracked=1.73 GiB elapsed=61.39s
[realloc] iteration=222 current=1.73 GiB tracked=1.73 GiB elapsed=61.97s
[realloc] iteration=223 current=1.74 GiB tracked=1.74 GiB elapsed=62.49s
[realloc] iteration=224 current=1.75 GiB tracked=1.75 GiB elapsed=63.02s
[realloc] iteration=225 current=1.76 GiB tracked=1.76 GiB elapsed=63.54s
[realloc] iteration=226 current=1.77 GiB tracked=1.77 GiB elapsed=64.05s
[realloc] iteration=227 current=1.77 GiB tracked=1.77 GiB elapsed=64.57s
[realloc] iteration=228 current=1.78 GiB tracked=1.78 GiB elapsed=65.11s
[realloc] iteration=229 current=1.79 GiB tracked=1.79 GiB elapsed=65.63s
[realloc] iteration=230 current=1.80 GiB tracked=1.80 GiB elapsed=66.17s
[realloc] iteration=231 current=1.80 GiB tracked=1.80 GiB elapsed=66.68s
[realloc] iteration=232 current=1.81 GiB tracked=1.81 GiB elapsed=67.20s
[realloc] iteration=233 current=1.82 GiB tracked=1.82 GiB elapsed=67.75s
[realloc] iteration=234 current=1.83 GiB tracked=1.83 GiB elapsed=68.31s
[realloc] iteration=235 current=1.84 GiB tracked=1.84 GiB elapsed=68.98s
[realloc] iteration=236 current=1.84 GiB tracked=1.84 GiB elapsed=69.58s
[realloc] iteration=237 current=1.85 GiB tracked=1.85 GiB elapsed=70.12s
[realloc] iteration=238 current=1.86 GiB tracked=1.86 GiB elapsed=70.71s
[realloc] iteration=239 current=1.87 GiB tracked=1.87 GiB elapsed=71.33s
[realloc] iteration=240 current=1.88 GiB tracked=1.88 GiB elapsed=71.90s
[realloc] iteration=241 current=1.88 GiB tracked=1.88 GiB elapsed=72.62s
[realloc] iteration=242 current=1.89 GiB tracked=1.89 GiB elapsed=73.22s
[realloc] iteration=243 current=1.90 GiB tracked=1.90 GiB elapsed=73.80s
[realloc] iteration=244 current=1.91 GiB tracked=1.91 GiB elapsed=74.35s
[realloc] iteration=245 current=1.91 GiB tracked=1.91 GiB elapsed=74.95s
[realloc] iteration=246 current=1.92 GiB tracked=1.92 GiB elapsed=75.50s
[realloc] iteration=247 current=1.93 GiB tracked=1.93 GiB elapsed=76.07s
[realloc] iteration=248 current=1.94 GiB tracked=1.94 GiB elapsed=76.63s
[realloc] iteration=249 current=1.95 GiB tracked=1.95 GiB elapsed=77.22s
[realloc] iteration=250 current=1.95 GiB tracked=1.95 GiB elapsed=77.84s
[realloc] iteration=251 current=1.96 GiB tracked=1.96 GiB elapsed=78.41s
[realloc] iteration=252 current=1.97 GiB tracked=1.97 GiB elapsed=79.03s
[realloc] iteration=253 current=1.98 GiB tracked=1.98 GiB elapsed=79.61s
[realloc] iteration=254 current=1.98 GiB tracked=1.98 GiB elapsed=80.22s
[realloc] iteration=255 current=1.99 GiB tracked=1.99 GiB elapsed=80.84s
[realloc] iteration=256 current=2.00 GiB tracked=2.00 GiB elapsed=81.48s
[realloc] iteration=257 current=2.01 GiB tracked=2.01 GiB elapsed=82.10s
[realloc] iteration=258 current=2.02 GiB tracked=2.02 GiB elapsed=82.69s
[realloc] iteration=259 current=2.02 GiB tracked=2.02 GiB elapsed=83.25s
[realloc] iteration=260 current=2.03 GiB tracked=2.03 GiB elapsed=83.84s
[realloc] iteration=261 current=2.04 GiB tracked=2.04 GiB elapsed=84.45s
[realloc] iteration=262 current=2.05 GiB tracked=2.05 GiB elapsed=85.12s
[realloc] iteration=263 current=2.05 GiB tracked=2.05 GiB elapsed=85.79s
[realloc] iteration=264 current=2.06 GiB tracked=2.06 GiB elapsed=86.39s
[realloc] iteration=265 current=2.07 GiB tracked=2.07 GiB elapsed=86.99s
[realloc] iteration=266 current=2.08 GiB tracked=2.08 GiB elapsed=87.60s
[realloc] iteration=267 current=2.09 GiB tracked=2.09 GiB elapsed=88.25s
[realloc] iteration=268 current=2.09 GiB tracked=2.09 GiB elapsed=88.86s
[realloc] iteration=269 current=2.10 GiB tracked=2.10 GiB elapsed=89.56s
[realloc] iteration=270 current=2.11 GiB tracked=2.11 GiB elapsed=90.21s
[realloc] iteration=271 current=2.12 GiB tracked=2.12 GiB elapsed=90.83s
[realloc] iteration=272 current=2.12 GiB tracked=2.12 GiB elapsed=91.45s
[realloc] iteration=273 current=2.13 GiB tracked=2.13 GiB elapsed=92.07s
[realloc] iteration=274 current=2.14 GiB tracked=2.14 GiB elapsed=92.73s
[realloc] iteration=275 current=2.15 GiB tracked=2.15 GiB elapsed=93.36s
[realloc] iteration=276 current=2.16 GiB tracked=2.16 GiB elapsed=93.98s
[realloc] iteration=277 current=2.16 GiB tracked=2.16 GiB elapsed=94.59s
[realloc] iteration=278 current=2.17 GiB tracked=2.17 GiB elapsed=95.26s
[realloc] iteration=279 current=2.18 GiB tracked=2.18 GiB elapsed=95.96s
[realloc] iteration=280 current=2.19 GiB tracked=2.19 GiB elapsed=96.58s
[realloc] iteration=281 current=2.20 GiB tracked=2.20 GiB elapsed=97.23s
[realloc] iteration=282 current=2.20 GiB tracked=2.20 GiB elapsed=97.89s
[realloc] iteration=283 current=2.21 GiB tracked=2.21 GiB elapsed=98.53s
[realloc] iteration=284 current=2.22 GiB tracked=2.22 GiB elapsed=99.21s
[realloc] iteration=285 current=2.23 GiB tracked=2.23 GiB elapsed=99.85s
[realloc] iteration=286 current=2.23 GiB tracked=2.23 GiB elapsed=100.53s
[realloc] iteration=287 current=2.24 GiB tracked=2.24 GiB elapsed=101.26s
[realloc] iteration=288 current=2.25 GiB tracked=2.25 GiB elapsed=101.98s
[realloc] iteration=289 current=2.26 GiB tracked=2.26 GiB elapsed=102.67s
[realloc] iteration=290 current=2.27 GiB tracked=2.27 GiB elapsed=103.36s
[realloc] iteration=291 current=2.27 GiB tracked=2.27 GiB elapsed=104.02s
[realloc] iteration=292 current=2.28 GiB tracked=2.28 GiB elapsed=104.69s
[realloc] iteration=293 current=2.29 GiB tracked=2.29 GiB elapsed=105.36s
[realloc] iteration=294 current=2.30 GiB tracked=2.30 GiB elapsed=106.01s
[realloc] iteration=295 current=2.30 GiB tracked=2.30 GiB elapsed=106.68s
[realloc] iteration=296 current=2.31 GiB tracked=2.31 GiB elapsed=107.35s
[realloc] iteration=297 current=2.32 GiB tracked=2.32 GiB elapsed=108.03s
[realloc] iteration=298 current=2.33 GiB tracked=2.33 GiB elapsed=108.70s
[realloc] iteration=299 current=2.34 GiB tracked=2.34 GiB elapsed=109.37s
[realloc] iteration=300 current=2.34 GiB tracked=2.34 GiB elapsed=110.07s
[realloc] iteration=301 current=2.35 GiB tracked=2.35 GiB elapsed=110.80s
[realloc] iteration=302 current=2.36 GiB tracked=2.36 GiB elapsed=111.49s
[realloc] iteration=303 current=2.37 GiB tracked=2.37 GiB elapsed=112.16s
[realloc] iteration=304 current=2.38 GiB tracked=2.38 GiB elapsed=112.86s
[realloc] iteration=305 current=2.38 GiB tracked=2.38 GiB elapsed=113.54s
[realloc] iteration=306 current=2.39 GiB tracked=2.39 GiB elapsed=114.22s
[realloc] iteration=307 current=2.40 GiB tracked=2.40 GiB elapsed=114.93s
[realloc] iteration=308 current=2.41 GiB tracked=2.41 GiB elapsed=115.62s
[realloc] iteration=309 current=2.41 GiB tracked=2.41 GiB elapsed=116.36s
[realloc] iteration=310 current=2.42 GiB tracked=2.42 GiB elapsed=117.03s
[realloc] iteration=311 current=2.43 GiB tracked=2.43 GiB elapsed=117.75s
[realloc] iteration=312 current=2.44 GiB tracked=2.44 GiB elapsed=118.46s
[realloc] iteration=313 current=2.45 GiB tracked=2.45 GiB elapsed=119.14s
[realloc] iteration=314 current=2.45 GiB tracked=2.45 GiB elapsed=119.83s
[realloc] iteration=315 current=2.46 GiB tracked=2.46 GiB elapsed=120.54s
[realloc] iteration=316 current=2.47 GiB tracked=2.47 GiB elapsed=121.25s
[realloc] iteration=317 current=2.48 GiB tracked=2.48 GiB elapsed=121.96s
[realloc] iteration=318 current=2.48 GiB tracked=2.48 GiB elapsed=122.69s
[realloc] iteration=319 current=2.49 GiB tracked=2.49 GiB elapsed=123.38s
[realloc] iteration=320 current=2.50 GiB tracked=2.50 GiB elapsed=124.09s
[realloc] iteration=321 current=2.51 GiB tracked=2.51 GiB elapsed=124.82s
[realloc] iteration=322 current=2.52 GiB tracked=2.52 GiB elapsed=125.54s
[realloc] iteration=323 current=2.52 GiB tracked=2.52 GiB elapsed=126.29s
[realloc] iteration=324 current=2.53 GiB tracked=2.53 GiB elapsed=126.99s
[realloc] iteration=325 current=2.54 GiB tracked=2.54 GiB elapsed=127.69s
[realloc] iteration=326 current=2.55 GiB tracked=2.55 GiB elapsed=128.39s
[realloc] iteration=327 current=2.55 GiB tracked=2.55 GiB elapsed=129.17s
[realloc] iteration=328 current=2.56 GiB tracked=2.56 GiB elapsed=129.91s
[realloc] iteration=329 current=2.57 GiB tracked=2.57 GiB elapsed=130.65s
[realloc] iteration=330 current=2.58 GiB tracked=2.58 GiB elapsed=131.37s
[realloc] iteration=331 current=2.59 GiB tracked=2.59 GiB elapsed=132.08s
[realloc] iteration=332 current=2.59 GiB tracked=2.59 GiB elapsed=132.83s
[realloc] iteration=333 current=2.60 GiB tracked=2.60 GiB elapsed=133.57s
[realloc] iteration=334 current=2.61 GiB tracked=2.61 GiB elapsed=134.31s
[realloc] iteration=335 current=2.62 GiB tracked=2.62 GiB elapsed=135.06s
[realloc] iteration=336 current=2.62 GiB tracked=2.62 GiB elapsed=135.82s
[realloc] iteration=337 current=2.63 GiB tracked=2.63 GiB elapsed=136.57s
[realloc] iteration=338 current=2.64 GiB tracked=2.64 GiB elapsed=137.37s
[realloc] iteration=339 current=2.65 GiB tracked=2.65 GiB elapsed=138.19s
[realloc] iteration=340 current=2.66 GiB tracked=2.66 GiB elapsed=139.84s
[realloc] iteration=341 current=2.66 GiB tracked=2.66 GiB elapsed=141.49s
[realloc] iteration=342 current=2.67 GiB tracked=2.67 GiB elapsed=143.21s
[realloc] iteration=343 current=2.68 GiB tracked=2.68 GiB elapsed=144.78s
[realloc] iteration=344 current=2.69 GiB tracked=2.69 GiB elapsed=146.28s
[realloc] iteration=345 current=2.70 GiB tracked=2.70 GiB elapsed=147.76s
[realloc] iteration=346 current=2.70 GiB tracked=2.70 GiB elapsed=149.28s
[realloc] iteration=347 current=2.71 GiB tracked=2.71 GiB elapsed=150.82s
[realloc] iteration=348 current=2.72 GiB tracked=2.72 GiB elapsed=152.40s
[realloc] iteration=349 current=2.73 GiB tracked=2.73 GiB elapsed=154.18s
[realloc] iteration=350 current=2.73 GiB tracked=2.73 GiB elapsed=155.85s
[realloc] iteration=351 current=2.74 GiB tracked=2.74 GiB elapsed=157.33s
[realloc] iteration=352 current=2.75 GiB tracked=2.75 GiB elapsed=158.91s
[realloc] iteration=353 current=2.76 GiB tracked=2.76 GiB elapsed=160.40s
[realloc] iteration=354 current=2.77 GiB tracked=2.77 GiB elapsed=162.01s
[realloc] iteration=355 current=2.77 GiB tracked=2.77 GiB elapsed=163.63s
[realloc] iteration=356 current=2.78 GiB tracked=2.78 GiB elapsed=165.37s
[realloc] iteration=357 current=2.79 GiB tracked=2.79 GiB elapsed=167.02s
[realloc] iteration=358 current=2.80 GiB tracked=2.80 GiB elapsed=168.59s
[realloc] iteration=359 current=2.80 GiB tracked=2.80 GiB elapsed=170.16s
[realloc] iteration=360 current=2.81 GiB tracked=2.81 GiB elapsed=171.74s
[realloc] iteration=361 current=2.82 GiB tracked=2.82 GiB elapsed=173.28s
[realloc] iteration=362 current=2.83 GiB tracked=2.83 GiB elapsed=174.87s
[realloc] iteration=363 current=2.84 GiB tracked=2.84 GiB elapsed=176.36s
[realloc] iteration=364 current=2.84 GiB tracked=2.84 GiB elapsed=177.94s
[realloc] iteration=365 current=2.85 GiB tracked=2.85 GiB elapsed=179.48s
[realloc] iteration=366 current=2.86 GiB tracked=2.86 GiB elapsed=181.07s
[realloc] iteration=367 current=2.87 GiB tracked=2.87 GiB elapsed=182.64s
[realloc] iteration=368 current=2.88 GiB tracked=2.88 GiB elapsed=184.24s
[realloc] iteration=369 current=2.88 GiB tracked=2.88 GiB elapsed=185.91s
[realloc] iteration=370 current=2.89 GiB tracked=2.89 GiB elapsed=187.42s
[realloc] iteration=371 current=2.90 GiB tracked=2.90 GiB elapsed=189.03s
[realloc] iteration=372 current=2.91 GiB tracked=2.91 GiB elapsed=190.59s
[realloc] iteration=373 current=2.91 GiB tracked=2.91 GiB elapsed=192.26s
[realloc] iteration=374 current=2.92 GiB tracked=2.92 GiB elapsed=193.88s
[realloc] iteration=375 current=2.93 GiB tracked=2.93 GiB elapsed=195.41s
[realloc] iteration=376 current=2.94 GiB tracked=2.94 GiB elapsed=197.05s
[realloc] iteration=377 current=2.95 GiB tracked=2.95 GiB elapsed=198.69s
[realloc] iteration=378 current=2.95 GiB tracked=2.95 GiB elapsed=200.30s
[realloc] iteration=379 current=2.96 GiB tracked=2.96 GiB elapsed=201.97s
[realloc] iteration=380 current=2.97 GiB tracked=2.97 GiB elapsed=203.53s
[realloc] iteration=381 current=2.98 GiB tracked=2.98 GiB elapsed=205.21s
[realloc] iteration=382 current=2.98 GiB tracked=2.98 GiB elapsed=206.82s
[realloc] iteration=383 current=2.99 GiB tracked=2.99 GiB elapsed=208.38s
[realloc] iteration=384 current=3.00 GiB tracked=3.00 GiB elapsed=210.05s
[realloc] iteration=385 current=3.01 GiB tracked=3.01 GiB elapsed=211.66s
[realloc] iteration=386 current=3.02 GiB tracked=3.02 GiB elapsed=213.29s
[realloc] iteration=387 current=3.02 GiB tracked=3.02 GiB elapsed=214.96s
[realloc] iteration=388 current=3.03 GiB tracked=3.03 GiB elapsed=216.58s
[realloc] iteration=389 current=3.04 GiB tracked=3.04 GiB elapsed=218.28s
[realloc] iteration=390 current=3.05 GiB tracked=3.05 GiB elapsed=220.09s
[realloc] iteration=391 current=3.05 GiB tracked=3.05 GiB elapsed=221.73s
[realloc] iteration=392 current=3.06 GiB tracked=3.06 GiB elapsed=223.44s
[realloc] iteration=393 current=3.07 GiB tracked=3.07 GiB elapsed=225.22s
[realloc] iteration=394 current=3.08 GiB tracked=3.08 GiB elapsed=226.88s
[realloc] iteration=395 current=3.09 GiB tracked=3.09 GiB elapsed=228.50s
[realloc] iteration=396 current=3.09 GiB tracked=3.09 GiB elapsed=230.41s
[realloc] iteration=397 current=3.10 GiB tracked=3.10 GiB elapsed=232.31s
[realloc] iteration=398 current=3.11 GiB tracked=3.11 GiB elapsed=234.25s
[realloc] iteration=399 current=3.12 GiB tracked=3.12 GiB elapsed=235.98s
[realloc] iteration=400 current=3.12 GiB tracked=3.12 GiB elapsed=237.67s
[realloc] iteration=401 current=3.13 GiB tracked=3.13 GiB elapsed=239.33s
[realloc] iteration=402 current=3.14 GiB tracked=3.14 GiB elapsed=241.07s
[realloc] iteration=403 current=3.15 GiB tracked=3.15 GiB elapsed=242.76s
[realloc] iteration=404 current=3.16 GiB tracked=3.16 GiB elapsed=244.37s
[realloc] iteration=405 current=3.16 GiB tracked=3.16 GiB elapsed=246.13s
[realloc] iteration=406 current=3.17 GiB tracked=3.17 GiB elapsed=247.81s
[realloc] iteration=407 current=3.18 GiB tracked=3.18 GiB elapsed=249.48s
[realloc] iteration=408 current=3.19 GiB tracked=3.19 GiB elapsed=251.28s
[realloc] iteration=409 current=3.20 GiB tracked=3.20 GiB elapsed=253.05s
[realloc] iteration=410 current=3.20 GiB tracked=3.20 GiB elapsed=254.78s
[realloc] iteration=411 current=3.21 GiB tracked=3.21 GiB elapsed=256.41s
[realloc] iteration=412 current=3.22 GiB tracked=3.22 GiB elapsed=258.19s
[realloc] iteration=413 current=3.23 GiB tracked=3.23 GiB elapsed=259.89s
[realloc] iteration=414 current=3.23 GiB tracked=3.23 GiB elapsed=261.62s
[realloc] iteration=415 current=3.24 GiB tracked=3.24 GiB elapsed=263.33s
[realloc] iteration=416 current=3.25 GiB tracked=3.25 GiB elapsed=265.16s
[realloc] iteration=417 current=3.26 GiB tracked=3.26 GiB elapsed=266.92s
[realloc] iteration=418 current=3.27 GiB tracked=3.27 GiB elapsed=268.70s
[realloc] iteration=419 current=3.27 GiB tracked=3.27 GiB elapsed=270.38s
[realloc] iteration=420 current=3.28 GiB tracked=3.28 GiB elapsed=272.19s
[realloc] iteration=421 current=3.29 GiB tracked=3.29 GiB elapsed=274.04s
[realloc] iteration=422 current=3.30 GiB tracked=3.30 GiB elapsed=275.79s
[realloc] iteration=423 current=3.30 GiB tracked=3.30 GiB elapsed=277.54s
[realloc] iteration=424 current=3.31 GiB tracked=3.31 GiB elapsed=279.34s
[realloc] iteration=425 current=3.32 GiB tracked=3.32 GiB elapsed=281.19s
[realloc] iteration=426 current=3.33 GiB tracked=3.33 GiB elapsed=283.06s
[realloc] iteration=427 current=3.34 GiB tracked=3.34 GiB elapsed=284.92s
[realloc] iteration=428 current=3.34 GiB tracked=3.34 GiB elapsed=286.67s
[realloc] iteration=429 current=3.35 GiB tracked=3.35 GiB elapsed=288.38s
[realloc] iteration=430 current=3.36 GiB tracked=3.36 GiB elapsed=290.24s
[realloc] iteration=431 current=3.37 GiB tracked=3.37 GiB elapsed=292.13s
[realloc] iteration=432 current=3.38 GiB tracked=3.38 GiB elapsed=293.93s
[realloc] iteration=433 current=3.38 GiB tracked=3.38 GiB elapsed=295.92s
[realloc] iteration=434 current=3.39 GiB tracked=3.39 GiB elapsed=297.96s
[realloc] iteration=435 current=3.40 GiB tracked=3.40 GiB elapsed=299.94s
[realloc] iteration=436 current=3.41 GiB tracked=3.41 GiB elapsed=301.71s
[realloc] iteration=437 current=3.41 GiB tracked=3.41 GiB elapsed=303.46s
[realloc] iteration=438 current=3.42 GiB tracked=3.42 GiB elapsed=305.33s
[realloc] iteration=439 current=3.43 GiB tracked=3.43 GiB elapsed=307.26s
[realloc] iteration=440 current=3.44 GiB tracked=3.44 GiB elapsed=309.17s
[realloc] iteration=441 current=3.45 GiB tracked=3.45 GiB elapsed=311.07s
[realloc] iteration=442 current=3.45 GiB tracked=3.45 GiB elapsed=312.93s
[realloc] iteration=443 current=3.46 GiB tracked=3.46 GiB elapsed=314.77s
[realloc] iteration=444 current=3.47 GiB tracked=3.47 GiB elapsed=316.54s
[realloc] iteration=445 current=3.48 GiB tracked=3.48 GiB elapsed=318.39s
[realloc] iteration=446 current=3.48 GiB tracked=3.48 GiB elapsed=320.51s
[realloc] iteration=447 current=3.49 GiB tracked=3.49 GiB elapsed=322.67s
[realloc] iteration=448 current=3.50 GiB tracked=3.50 GiB elapsed=324.93s
[realloc] iteration=449 current=3.51 GiB tracked=3.51 GiB elapsed=327.09s
[realloc] iteration=450 current=3.52 GiB tracked=3.52 GiB elapsed=329.06s
[realloc] iteration=451 current=3.52 GiB tracked=3.52 GiB elapsed=331.04s
[realloc] iteration=452 current=3.53 GiB tracked=3.53 GiB elapsed=332.92s
[realloc] iteration=453 current=3.54 GiB tracked=3.54 GiB elapsed=334.89s
[realloc] iteration=454 current=3.55 GiB tracked=3.55 GiB elapsed=336.76s
[realloc] iteration=455 current=3.55 GiB tracked=3.55 GiB elapsed=338.59s
[realloc] iteration=456 current=3.56 GiB tracked=3.56 GiB elapsed=340.58s
[realloc] iteration=457 current=3.57 GiB tracked=3.57 GiB elapsed=342.47s
[realloc] iteration=458 current=3.58 GiB tracked=3.58 GiB elapsed=344.32s
[realloc] iteration=459 current=3.59 GiB tracked=3.59 GiB elapsed=346.40s
[realloc] iteration=460 current=3.59 GiB tracked=3.59 GiB elapsed=348.43s
[realloc] iteration=461 current=3.60 GiB tracked=3.60 GiB elapsed=350.38s
[realloc] iteration=462 current=3.61 GiB tracked=3.61 GiB elapsed=352.42s
[realloc] iteration=463 current=3.62 GiB tracked=3.62 GiB elapsed=354.39s
[realloc] iteration=464 current=3.62 GiB tracked=3.62 GiB elapsed=356.37s
[realloc] iteration=465 current=3.63 GiB tracked=3.63 GiB elapsed=358.44s
[realloc] iteration=466 current=3.64 GiB tracked=3.64 GiB elapsed=360.51s
[realloc] iteration=467 current=3.65 GiB tracked=3.65 GiB elapsed=362.81s
[realloc] iteration=468 current=3.66 GiB tracked=3.66 GiB elapsed=364.95s
[realloc] iteration=469 current=3.66 GiB tracked=3.66 GiB elapsed=367.02s
[realloc] iteration=470 current=3.67 GiB tracked=3.67 GiB elapsed=369.03s
[realloc] iteration=471 current=3.68 GiB tracked=3.68 GiB elapsed=371.07s
[realloc] iteration=472 current=3.69 GiB tracked=3.69 GiB elapsed=373.06s
[realloc] iteration=473 current=3.70 GiB tracked=3.70 GiB elapsed=375.13s
[realloc] iteration=474 current=3.70 GiB tracked=3.70 GiB elapsed=377.24s
[realloc] iteration=475 current=3.71 GiB tracked=3.71 GiB elapsed=379.28s
[realloc] iteration=476 current=3.72 GiB tracked=3.72 GiB elapsed=381.31s
[realloc] iteration=477 current=3.73 GiB tracked=3.73 GiB elapsed=383.40s
[realloc] iteration=478 current=3.73 GiB tracked=3.73 GiB elapsed=385.39s
[realloc] iteration=479 current=3.74 GiB tracked=3.74 GiB elapsed=387.38s
[realloc] iteration=480 current=3.75 GiB tracked=3.75 GiB elapsed=389.37s
[realloc] iteration=481 current=3.76 GiB tracked=3.76 GiB elapsed=391.40s
[realloc] iteration=482 current=3.77 GiB tracked=3.77 GiB elapsed=393.43s
[realloc] iteration=483 current=3.77 GiB tracked=3.77 GiB elapsed=395.49s
[realloc] iteration=484 current=3.78 GiB tracked=3.78 GiB elapsed=397.51s
[realloc] iteration=485 current=3.79 GiB tracked=3.79 GiB elapsed=399.57s
[realloc] iteration=486 current=3.80 GiB tracked=3.80 GiB elapsed=401.70s
[realloc] iteration=487 current=3.80 GiB tracked=3.80 GiB elapsed=403.62s
[realloc] iteration=488 current=3.81 GiB tracked=3.81 GiB elapsed=405.94s
[realloc] iteration=489 current=3.82 GiB tracked=3.82 GiB elapsed=408.04s
[realloc] iteration=490 current=3.83 GiB tracked=3.83 GiB elapsed=410.23s
[realloc] iteration=491 current=3.84 GiB tracked=3.84 GiB elapsed=412.34s
[realloc] iteration=492 current=3.84 GiB tracked=3.84 GiB elapsed=414.35s
[realloc] iteration=493 current=3.85 GiB tracked=3.85 GiB elapsed=416.35s
[realloc] iteration=494 current=3.86 GiB tracked=3.86 GiB elapsed=418.38s
[realloc] iteration=495 current=3.87 GiB tracked=3.87 GiB elapsed=420.43s
[realloc] iteration=496 current=3.88 GiB tracked=3.88 GiB elapsed=422.47s
[realloc] iteration=497 current=3.88 GiB tracked=3.88 GiB elapsed=424.47s
[realloc] iteration=498 current=3.89 GiB tracked=3.89 GiB elapsed=426.63s
[realloc] iteration=499 current=3.90 GiB tracked=3.90 GiB elapsed=429.07s
[realloc] iteration=500 current=3.91 GiB tracked=3.91 GiB elapsed=431.30s
[realloc] iteration=501 current=3.91 GiB tracked=3.91 GiB elapsed=433.32s
[realloc] iteration=502 current=3.92 GiB tracked=3.92 GiB elapsed=435.36s
[realloc] iteration=503 current=3.93 GiB tracked=3.93 GiB elapsed=437.35s
[realloc] iteration=504 current=3.94 GiB tracked=3.94 GiB elapsed=439.40s
[realloc] iteration=505 current=3.95 GiB tracked=3.95 GiB elapsed=441.46s
[realloc] iteration=506 current=3.95 GiB tracked=3.95 GiB elapsed=443.57s
[realloc] iteration=507 current=3.96 GiB tracked=3.96 GiB elapsed=445.69s
[realloc] iteration=508 current=3.97 GiB tracked=3.97 GiB elapsed=447.85s
[realloc] iteration=509 current=3.98 GiB tracked=3.98 GiB elapsed=450.06s
[realloc] iteration=510 current=3.98 GiB tracked=3.98 GiB elapsed=452.23s
[realloc] iteration=511 current=3.99 GiB tracked=3.99 GiB elapsed=454.32s
[realloc] iteration=512 current=4.00 GiB tracked=4.00 GiB elapsed=456.37s
[realloc] iteration=513 current=4.01 GiB tracked=4.01 GiB elapsed=458.40s
[realloc] iteration=514 current=4.02 GiB tracked=4.02 GiB elapsed=460.51s
[realloc] iteration=515 current=4.02 GiB tracked=4.02 GiB elapsed=462.62s
[realloc] iteration=516 current=4.03 GiB tracked=4.03 GiB elapsed=464.78s
[realloc] iteration=517 current=4.04 GiB tracked=4.04 GiB elapsed=466.95s
[realloc] iteration=518 current=4.05 GiB tracked=4.05 GiB elapsed=469.21s
[realloc] iteration=519 current=4.05 GiB tracked=4.05 GiB elapsed=471.32s
[realloc] iteration=520 current=4.06 GiB tracked=4.06 GiB elapsed=473.38s
[realloc] iteration=521 current=4.07 GiB tracked=4.07 GiB elapsed=475.43s
[realloc] iteration=522 current=4.08 GiB tracked=4.08 GiB elapsed=477.59s
[realloc] iteration=523 current=4.09 GiB tracked=4.09 GiB elapsed=479.76s
[realloc] iteration=524 current=4.09 GiB tracked=4.09 GiB elapsed=482.02s
[realloc] iteration=525 current=4.10 GiB tracked=4.10 GiB elapsed=484.32s
[realloc] iteration=526 current=4.11 GiB tracked=4.11 GiB elapsed=486.46s
[realloc] iteration=527 current=4.12 GiB tracked=4.12 GiB elapsed=488.61s
[realloc] iteration=528 current=4.12 GiB tracked=4.12 GiB elapsed=491.14s
[realloc] iteration=529 current=4.13 GiB tracked=4.13 GiB elapsed=493.46s
[realloc] iteration=530 current=4.14 GiB tracked=4.14 GiB elapsed=495.96s
[realloc] iteration=531 current=4.15 GiB tracked=4.15 GiB elapsed=498.25s
[realloc] iteration=532 current=4.16 GiB tracked=4.16 GiB elapsed=500.35s
[realloc] iteration=533 current=4.16 GiB tracked=4.16 GiB elapsed=502.41s
[realloc] iteration=534 current=4.17 GiB tracked=4.17 GiB elapsed=504.54s
[realloc] iteration=535 current=4.18 GiB tracked=4.18 GiB elapsed=506.70s
[realloc] iteration=536 current=4.19 GiB tracked=4.19 GiB elapsed=508.94s
[realloc] iteration=537 current=4.20 GiB tracked=4.20 GiB elapsed=511.23s
[realloc] iteration=538 current=4.20 GiB tracked=4.20 GiB elapsed=513.37s
[realloc] iteration=539 current=4.21 GiB tracked=4.21 GiB elapsed=515.49s
[realloc] iteration=540 current=4.22 GiB tracked=4.22 GiB elapsed=517.72s
[realloc] iteration=541 current=4.23 GiB tracked=4.23 GiB elapsed=520.01s
[realloc] iteration=542 current=4.23 GiB tracked=4.23 GiB elapsed=522.40s
[realloc] iteration=543 current=4.24 GiB tracked=4.24 GiB elapsed=524.45s
[realloc] iteration=544 current=4.25 GiB tracked=4.25 GiB elapsed=526.55s
[realloc] iteration=545 current=4.26 GiB tracked=4.26 GiB elapsed=528.77s
[realloc] iteration=546 current=4.27 GiB tracked=4.27 GiB elapsed=531.05s
[realloc] iteration=547 current=4.27 GiB tracked=4.27 GiB elapsed=533.27s
[realloc] iteration=548 current=4.28 GiB tracked=4.28 GiB elapsed=535.39s
[realloc] iteration=549 current=4.29 GiB tracked=4.29 GiB elapsed=537.93s
[realloc] iteration=550 current=4.30 GiB tracked=4.30 GiB elapsed=540.36s
[realloc] iteration=551 current=4.30 GiB tracked=4.30 GiB elapsed=543.17s
[realloc] iteration=552 current=4.31 GiB tracked=4.31 GiB elapsed=545.89s
[realloc] iteration=553 current=4.32 GiB tracked=4.32 GiB elapsed=548.58s
[realloc] iteration=554 current=4.33 GiB tracked=4.33 GiB elapsed=551.42s
[realloc] iteration=555 current=4.34 GiB tracked=4.34 GiB elapsed=553.86s
[realloc] iteration=556 current=4.34 GiB tracked=4.34 GiB elapsed=556.32s
[realloc] iteration=557 current=4.35 GiB tracked=4.35 GiB elapsed=558.56s
[realloc] iteration=558 current=4.36 GiB tracked=4.36 GiB elapsed=561.11s
[realloc] iteration=559 current=4.37 GiB tracked=4.37 GiB elapsed=563.39s
[realloc] iteration=560 current=4.38 GiB tracked=4.38 GiB elapsed=565.90s
[realloc] iteration=561 current=4.38 GiB tracked=4.38 GiB elapsed=568.67s
[realloc] iteration=562 current=4.39 GiB tracked=4.39 GiB elapsed=571.54s
[realloc] iteration=563 current=4.40 GiB tracked=4.40 GiB elapsed=574.43s
[realloc] iteration=564 current=4.41 GiB tracked=4.41 GiB elapsed=576.97s
[realloc] iteration=565 current=4.41 GiB tracked=4.41 GiB elapsed=579.33s
[realloc] iteration=566 current=4.42 GiB tracked=4.42 GiB elapsed=581.50s
[realloc] iteration=567 current=4.43 GiB tracked=4.43 GiB elapsed=584.11s
[realloc] iteration=568 current=4.44 GiB tracked=4.44 GiB elapsed=586.39s
[realloc] iteration=569 current=4.45 GiB tracked=4.45 GiB elapsed=588.53s
[realloc] iteration=570 current=4.45 GiB tracked=4.45 GiB elapsed=591.33s
[realloc] iteration=571 current=4.46 GiB tracked=4.46 GiB elapsed=594.17s
[realloc] iteration=572 current=4.47 GiB tracked=4.47 GiB elapsed=596.50s
[realloc] iteration=573 current=4.48 GiB tracked=4.48 GiB elapsed=599.37s
[realloc] terminated by runner after 600s timeout
